2025-09-10 22:45:57,151 - INFO - Using device: cuda
2025-09-10 22:45:57,151 - INFO - Loading model microsoft/Phi-4-mini-instruct...
2025-09-10 22:47:01,370 - INFO - We will use 90% of the memory on device 0 for storing the model, and 10% for the buffer to avoid OOM. You can set `max_memory` in to a higher value to use more memory (at your own risk).
2025-09-10 22:47:03,156 - INFO - Model loaded from_pretrained
2025-09-10 22:47:06,293 - INFO - Tokenizer loaded
2025-09-10 22:47:06,295 - INFO - Loading dataset: /src/complexity-aware-fine-tuning/src/experiments/pipeline/sft_baseline/../../../../data/data_splits/entropy_fallback/phi/train_df_combined.tsv
2025-09-10 22:47:06,443 - INFO - Skipped 0 rows when preparing train_df_combined.tsv
2025-09-10 22:47:06,444 - INFO - Loading dataset: /src/complexity-aware-fine-tuning/src/experiments/pipeline/sft_baseline/../../../../data/data_splits/entropy_fallback/phi/valid_df_combined.tsv
2025-09-10 22:47:06,464 - INFO - Skipped 0 rows when preparing valid_df_combined.tsv
2025-09-10 22:47:06,464 - INFO - Loading dataset: /src/complexity-aware-fine-tuning/src/experiments/pipeline/sft_baseline/../../../../data/data_splits/entropy_fallback/phi/test_balanced_combined_entr.tsv
2025-09-10 22:47:06,495 - INFO - Skipped 0 rows when preparing test_balanced_combined_entr.tsv
2025-09-10 22:47:12,219 - INFO - Evaluating model before training
2025-09-10 23:43:38,403 - INFO - TEST BALANCED QA Accuracy: 40.14%
2025-09-10 23:43:38,647 - INFO - 
Training Sample:
The following are multiple choice questions. Analyze question and answer with only one number in [[number]] format.
Question: An embryologist studying the development of a vertebrate organism from the zygote stage to fetus would be justified in drawing which of the following conclusions?
Options:
0. The development of a vertebrate organism from the zygote stage to fetus does not follow a consistent pattern.
1. The development of a vertebrate organism from the zygote stage to fetus displays a random pattern of evolutionary history.
2. The zygote stage of a vertebrate organism is identical to the fetus stage.
3. Ontogeny recapitulates phylogeny.
4. Early embryos display identical features of their class and order, but not their species.
5. An early human embryo has features in common with early fish and avian embryos.
6. Early embryos display identical features of their class, order, and species.
7. A human embryo displays features of adult fish and birds in the course of its development.
8. An early human embryo has features that are identical to adult fish and avian features.
9. A vertebrate organism develops identical features of its class, order, and species only during the fetus stage.
Please analyze and provide the answer with only one number in [[number]]. 
[[3]]
2025-09-10 23:44:03,279 - INFO - Epoch 1, Batch 50: Loss = 1.994, Acc = 64.02%
2025-09-10 23:44:19,783 - INFO - Epoch 1, Batch 100: Loss = 1.343, Acc = 73.07%
2025-09-10 23:44:36,548 - INFO - Epoch 1, Batch 150: Loss = 1.211, Acc = 74.25%
2025-09-10 23:44:53,496 - INFO - Epoch 1, Batch 200: Loss = 1.179, Acc = 74.49%
2025-09-10 23:45:10,225 - INFO - Epoch 1, Batch 250: Loss = 1.214, Acc = 73.95%
2025-09-10 23:45:26,656 - INFO - Epoch 1, Batch 300: Loss = 1.194, Acc = 74.05%
2025-09-10 23:45:43,100 - INFO - Epoch 1, Batch 350: Loss = 1.150, Acc = 74.06%
2025-09-10 23:45:59,890 - INFO - Epoch 1, Batch 400: Loss = 1.167, Acc = 74.43%
2025-09-10 23:46:17,094 - INFO - Epoch 1, Batch 450: Loss = 1.105, Acc = 75.07%
2025-09-10 23:46:33,691 - INFO - Epoch 1, Batch 500: Loss = 1.173, Acc = 74.67%
2025-09-10 23:46:49,742 - INFO - Epoch 1, Batch 550: Loss = 1.127, Acc = 75.34%
2025-09-10 23:47:06,388 - INFO - Epoch 1, Batch 600: Loss = 1.177, Acc = 74.96%
2025-09-10 23:47:22,847 - INFO - Epoch 1, Batch 650: Loss = 1.144, Acc = 74.99%
2025-09-10 23:47:39,466 - INFO - Epoch 1, Batch 700: Loss = 1.204, Acc = 73.91%
2025-09-10 23:47:55,747 - INFO - Epoch 1, Batch 750: Loss = 1.152, Acc = 74.93%
2025-09-10 23:48:12,225 - INFO - Epoch 1, Batch 800: Loss = 1.117, Acc = 75.87%
2025-09-10 23:48:28,653 - INFO - Epoch 1, Batch 850: Loss = 1.139, Acc = 75.30%
2025-09-10 23:48:45,397 - INFO - Epoch 1, Batch 900: Loss = 1.146, Acc = 75.54%
2025-09-10 23:49:01,921 - INFO - Epoch 1, Batch 950: Loss = 1.190, Acc = 74.42%
2025-09-10 23:49:18,611 - INFO - Epoch 1, Batch 1000: Loss = 1.145, Acc = 75.37%
2025-09-10 23:49:37,164 - INFO - Epoch 1, Batch 1050: Loss = 1.152, Acc = 74.68%
2025-09-10 23:49:53,651 - INFO - Epoch 1, Batch 1100: Loss = 1.086, Acc = 76.35%
2025-09-10 23:50:11,010 - INFO - Epoch 1, Batch 1150: Loss = 1.083, Acc = 76.10%
2025-09-10 23:50:27,267 - INFO - Epoch 1, Batch 1200: Loss = 1.115, Acc = 76.11%
2025-09-10 23:50:43,766 - INFO - Epoch 1, Batch 1250: Loss = 1.153, Acc = 75.01%
2025-09-10 23:50:59,765 - INFO - Epoch 1, Batch 1300: Loss = 1.121, Acc = 76.16%
2025-09-10 23:51:16,016 - INFO - Epoch 1, Batch 1350: Loss = 1.140, Acc = 75.42%
2025-09-10 23:51:16,082 - INFO - Epoch 1 completed.
2025-09-10 23:52:12,213 - INFO - Validation QA Accuracy: 44.33%
2025-09-10 23:53:56,135 - INFO - TEST BALANCED QA Accuracy: 50.54%
2025-09-10 23:53:56,389 - INFO - 
Training Sample:
The following are multiple choice questions. Analyze question and answer with only one number in [[number]] format.
Question: The two tubes in aJaminrefractometerare 30 cm long. One contains a gas at a low pressure and the other a vacuum. If on removing the gas a shift of 10 fringes of red light \lambda_vac= 6000A^o is counted, what is the index of refraction of the gas?
Options:
0. 1.00002
1. 1.00007
2. 1.00001
3. 1.00004
4. 1.00005
5. 0.99999
6. 0.99998
7. 1.00003
8. 1.00006
9. 1.00000
Please analyze and provide the answer with only one number in [[number]]. 
[[0]]
2025-09-10 23:54:13,586 - INFO - Epoch 2, Batch 50: Loss = 1.159, Acc = 75.20%
2025-09-10 23:54:30,119 - INFO - Epoch 2, Batch 100: Loss = 1.122, Acc = 75.59%
2025-09-10 23:54:46,547 - INFO - Epoch 2, Batch 150: Loss = 1.116, Acc = 75.84%
2025-09-10 23:55:03,087 - INFO - Epoch 2, Batch 200: Loss = 1.179, Acc = 74.50%
2025-09-10 23:55:19,884 - INFO - Epoch 2, Batch 250: Loss = 1.120, Acc = 75.87%
2025-09-10 23:55:36,408 - INFO - Epoch 2, Batch 300: Loss = 1.043, Acc = 76.89%
2025-09-10 23:55:52,323 - INFO - Epoch 2, Batch 350: Loss = 1.057, Acc = 77.04%
2025-09-10 23:56:08,717 - INFO - Epoch 2, Batch 400: Loss = 1.052, Acc = 77.53%
2025-09-10 23:56:24,967 - INFO - Epoch 2, Batch 450: Loss = 1.081, Acc = 76.39%
2025-09-10 23:56:41,130 - INFO - Epoch 2, Batch 500: Loss = 1.144, Acc = 75.44%
2025-09-10 23:56:57,659 - INFO - Epoch 2, Batch 550: Loss = 1.090, Acc = 76.11%
2025-09-10 23:57:14,644 - INFO - Epoch 2, Batch 600: Loss = 1.135, Acc = 74.87%
2025-09-10 23:57:31,175 - INFO - Epoch 2, Batch 650: Loss = 1.108, Acc = 75.57%
2025-09-10 23:57:47,721 - INFO - Epoch 2, Batch 700: Loss = 1.063, Acc = 76.96%
2025-09-10 23:58:03,954 - INFO - Epoch 2, Batch 750: Loss = 1.092, Acc = 76.14%
2025-09-10 23:58:20,467 - INFO - Epoch 2, Batch 800: Loss = 1.171, Acc = 75.55%
2025-09-10 23:58:37,115 - INFO - Epoch 2, Batch 850: Loss = 1.101, Acc = 75.75%
2025-09-10 23:58:53,515 - INFO - Epoch 2, Batch 900: Loss = 1.048, Acc = 76.65%
2025-09-10 23:59:10,424 - INFO - Epoch 2, Batch 950: Loss = 1.086, Acc = 75.64%
2025-09-10 23:59:27,098 - INFO - Epoch 2, Batch 1000: Loss = 1.115, Acc = 75.40%
2025-09-10 23:59:43,507 - INFO - Epoch 2, Batch 1050: Loss = 1.103, Acc = 75.91%
2025-09-11 00:00:00,156 - INFO - Epoch 2, Batch 1100: Loss = 1.110, Acc = 75.19%
2025-09-11 00:00:16,707 - INFO - Epoch 2, Batch 1150: Loss = 1.060, Acc = 76.56%
2025-09-11 00:00:33,937 - INFO - Epoch 2, Batch 1200: Loss = 1.146, Acc = 74.57%
2025-09-11 00:00:50,341 - INFO - Epoch 2, Batch 1250: Loss = 1.074, Acc = 76.59%
2025-09-11 00:01:06,980 - INFO - Epoch 2, Batch 1300: Loss = 1.140, Acc = 75.35%
2025-09-11 00:01:23,140 - INFO - Epoch 2, Batch 1350: Loss = 1.081, Acc = 76.36%
2025-09-11 00:01:23,203 - INFO - Epoch 2 completed.
2025-09-11 00:02:18,717 - INFO - Validation QA Accuracy: 50.33%
2025-09-11 00:04:02,017 - INFO - TEST BALANCED QA Accuracy: 54.30%
2025-09-11 00:04:02,917 - INFO - 
Training Sample:
The following are multiple choice questions. Analyze question and answer with only one number in [[number]] format.
Question: An 18-year-old primigravid woman comes for her initial prenatal visit at 16 weeks' gestation. She is not sure about the date of her last menstrual period but says that the pregnancy probably occurred immediately after she stopped taking oral contraceptives 5 months ago. Maternal serum α-fetoprotein (MSAFP) concentration is increased to 3 multiples of the median. Which of the following is the most appropriate next step in management?
Options:
0. Amniocentesis for measurement of α-fetoprotein concentration
1. Immediate cesarean section
2. Hormone therapy to balance MSAFP levels
3. Monitor patient without taking action
4. Triple screening for MSAFP, serum β-hCG, and serum estriol concentrations
5. Administer a pregnancy test
6. Prescribe oral contraceptives
7. Ultrasonography
8. Repeat measurement of MSAFP concentration
9. Conduct a pelvic exam
Please analyze and provide the answer with only one number in [[number]]. 
[[7]]
2025-09-11 00:04:19,376 - INFO - Epoch 3, Batch 50: Loss = 1.071, Acc = 76.48%
2025-09-11 00:04:35,813 - INFO - Epoch 3, Batch 100: Loss = 1.077, Acc = 76.47%
2025-09-11 00:04:52,144 - INFO - Epoch 3, Batch 150: Loss = 1.160, Acc = 74.12%
2025-09-11 00:05:08,656 - INFO - Epoch 3, Batch 200: Loss = 1.012, Acc = 77.97%
2025-09-11 00:05:25,150 - INFO - Epoch 3, Batch 250: Loss = 1.013, Acc = 77.35%
2025-09-11 00:05:41,072 - INFO - Epoch 3, Batch 300: Loss = 1.044, Acc = 76.94%
2025-09-11 00:05:57,532 - INFO - Epoch 3, Batch 350: Loss = 1.065, Acc = 76.34%
2025-09-11 00:06:14,360 - INFO - Epoch 3, Batch 400: Loss = 1.106, Acc = 76.06%
2025-09-11 00:06:30,990 - INFO - Epoch 3, Batch 450: Loss = 1.045, Acc = 76.90%
2025-09-11 00:06:47,769 - INFO - Epoch 3, Batch 500: Loss = 1.114, Acc = 75.93%
2025-09-11 00:07:04,394 - INFO - Epoch 3, Batch 550: Loss = 1.043, Acc = 77.25%
2025-09-11 00:07:20,648 - INFO - Epoch 3, Batch 600: Loss = 1.030, Acc = 78.05%
2025-09-11 00:07:37,359 - INFO - Epoch 3, Batch 650: Loss = 1.113, Acc = 76.06%
2025-09-11 00:07:53,851 - INFO - Epoch 3, Batch 700: Loss = 1.080, Acc = 76.38%
2025-09-11 00:08:10,025 - INFO - Epoch 3, Batch 750: Loss = 1.066, Acc = 77.25%
2025-09-11 00:08:26,681 - INFO - Epoch 3, Batch 800: Loss = 1.041, Acc = 77.35%
2025-09-11 00:08:42,974 - INFO - Epoch 3, Batch 850: Loss = 1.074, Acc = 76.61%
2025-09-11 00:08:59,856 - INFO - Epoch 3, Batch 900: Loss = 1.129, Acc = 75.73%
2025-09-11 00:09:16,141 - INFO - Epoch 3, Batch 950: Loss = 1.080, Acc = 76.72%
2025-09-11 00:09:32,592 - INFO - Epoch 3, Batch 1000: Loss = 1.035, Acc = 77.52%
2025-09-11 00:09:49,131 - INFO - Epoch 3, Batch 1050: Loss = 1.116, Acc = 75.73%
2025-09-11 00:10:05,772 - INFO - Epoch 3, Batch 1100: Loss = 1.099, Acc = 76.47%
2025-09-11 00:10:22,536 - INFO - Epoch 3, Batch 1150: Loss = 1.109, Acc = 75.95%
2025-09-11 00:10:39,165 - INFO - Epoch 3, Batch 1200: Loss = 1.096, Acc = 76.84%
2025-09-11 00:10:55,817 - INFO - Epoch 3, Batch 1250: Loss = 1.109, Acc = 76.26%
2025-09-11 00:11:12,480 - INFO - Epoch 3, Batch 1300: Loss = 1.116, Acc = 75.75%
2025-09-11 00:11:29,117 - INFO - Epoch 3, Batch 1350: Loss = 1.104, Acc = 76.72%
2025-09-11 00:11:29,178 - INFO - Epoch 3 completed.
2025-09-11 00:12:24,530 - INFO - Validation QA Accuracy: 51.00%
2025-09-11 00:14:07,474 - INFO - TEST BALANCED QA Accuracy: 53.58%
2025-09-11 00:14:07,782 - INFO - 
Training Sample:
The following are multiple choice questions. Analyze question and answer with only one number in [[number]] format.
Question: Suppose that the marginal propensity to consume is con-stantat 1/2 and the break-even point is $8,000. If income is$10,000, then how much will be consumed and how much willbe saved?
Options:
0. Consumption is $5,000 and $5,000 is saved
1. Consumption is $9,500 and $500 is saved
2. Consumption is $6,000 and $4,000 is saved
3. Consumption is $7,000 and $3,000 is saved
4. Consumption is $7,500 and $2,500 is saved
5. Consumption is $9,000 and $1,000 is saved
6. Consumption is $8,500 and $1,500 is saved
7. Consumption is $4,000 and $6,000 is saved
8. Consumption is $10,000 and nothing is saved
9. Consumption is $8,000 and $2,000 is saved
Please analyze and provide the answer with only one number in [[number]]. 
[[5]]
2025-09-11 00:14:25,279 - INFO - Epoch 4, Batch 50: Loss = 1.157, Acc = 75.01%
2025-09-11 00:14:42,385 - INFO - Epoch 4, Batch 100: Loss = 1.125, Acc = 76.30%
2025-09-11 00:14:59,827 - INFO - Epoch 4, Batch 150: Loss = 1.086, Acc = 75.94%
2025-09-11 00:15:17,206 - INFO - Epoch 4, Batch 200: Loss = 1.074, Acc = 77.02%
2025-09-11 00:15:34,265 - INFO - Epoch 4, Batch 250: Loss = 1.064, Acc = 76.81%
2025-09-11 00:15:51,227 - INFO - Epoch 4, Batch 300: Loss = 1.067, Acc = 76.34%
2025-09-11 00:16:07,948 - INFO - Epoch 4, Batch 350: Loss = 1.077, Acc = 77.31%
2025-09-11 00:16:25,680 - INFO - Epoch 4, Batch 400: Loss = 1.074, Acc = 76.73%
2025-09-11 00:16:42,457 - INFO - Epoch 4, Batch 450: Loss = 1.054, Acc = 77.14%
2025-09-11 00:16:59,662 - INFO - Epoch 4, Batch 500: Loss = 1.013, Acc = 78.04%
2025-09-11 00:17:16,696 - INFO - Epoch 4, Batch 550: Loss = 1.043, Acc = 77.12%
2025-09-11 00:17:33,711 - INFO - Epoch 4, Batch 600: Loss = 1.087, Acc = 76.78%
2025-09-11 00:17:50,589 - INFO - Epoch 4, Batch 650: Loss = 1.061, Acc = 77.20%
2025-09-11 00:18:07,635 - INFO - Epoch 4, Batch 700: Loss = 1.076, Acc = 76.98%
2025-09-11 00:18:24,355 - INFO - Epoch 4, Batch 750: Loss = 1.068, Acc = 76.87%
2025-09-11 00:18:41,324 - INFO - Epoch 4, Batch 800: Loss = 1.054, Acc = 76.77%
2025-09-11 00:18:58,333 - INFO - Epoch 4, Batch 850: Loss = 0.962, Acc = 78.54%
2025-09-11 00:19:15,389 - INFO - Epoch 4, Batch 900: Loss = 1.045, Acc = 77.50%
2025-09-11 00:19:32,478 - INFO - Epoch 4, Batch 950: Loss = 1.037, Acc = 77.72%
2025-09-11 00:19:49,577 - INFO - Epoch 4, Batch 1000: Loss = 1.049, Acc = 76.96%
2025-09-11 00:20:06,376 - INFO - Epoch 4, Batch 1050: Loss = 1.039, Acc = 77.32%
2025-09-11 00:20:23,540 - INFO - Epoch 4, Batch 1100: Loss = 1.071, Acc = 76.66%
2025-09-11 00:20:40,448 - INFO - Epoch 4, Batch 1150: Loss = 0.985, Acc = 78.44%
2025-09-11 00:20:57,215 - INFO - Epoch 4, Batch 1200: Loss = 1.116, Acc = 76.11%
2025-09-11 00:21:14,516 - INFO - Epoch 4, Batch 1250: Loss = 1.065, Acc = 77.50%
2025-09-11 00:21:31,508 - INFO - Epoch 4, Batch 1300: Loss = 0.942, Acc = 79.02%
2025-09-11 00:21:48,397 - INFO - Epoch 4, Batch 1350: Loss = 1.087, Acc = 76.37%
2025-09-11 00:21:48,527 - INFO - Epoch 4 completed.
2025-09-11 00:22:45,313 - INFO - Validation QA Accuracy: 52.33%
2025-09-11 00:24:31,310 - INFO - TEST BALANCED QA Accuracy: 56.27%
2025-09-11 00:24:31,719 - INFO - 
Training Sample:
The following are multiple choice questions. Analyze question and answer with only one number in [[number]] format.
Question: Pinson's Wholesale Hardware Company is taking a year-end inventory of all merchandise on hand. Among the items to be counted are steel bolts. There are 44,000 of these bolts on hand by actual count on December 31. The purchase and inventory records reveal the following information: Quantity Cost per M January 1 (beginning inventory) 27,000 $6.00 March 12 purchase 50,000 $6.50 September 11 purchase 35,000 $7.00 December 3 purchase 40,000 $7.50 Find the value of the December 31 inventory by (a) the average cost method, (b) the FIFO method, and (c) the LIFO method.
Options:
0. Average cost: $310.00, FIFO: $360, LIFO: $260.00
1. Average cost: $275.50, FIFO: $305, LIFO: $245.00
2. Average cost: $320.00, FIFO: $370, LIFO: $270.00
3. Average cost: $285.00, FIFO: $335, LIFO: $235.00
4. Average cost: $350.00, FIFO: $400, LIFO: $300.00
5. Average cost: $305.00, FIFO: $355, LIFO: $255.00
6. Average cost: $298.76, FIFO: $328, LIFO: $272.50
7. Average cost: $400.00, FIFO: $450, LIFO: $350.00
8. Average cost: $250.00, FIFO: $300, LIFO: $200.00
9. Average cost: $290.00, FIFO: $340, LIFO: $240.00
Please analyze and provide the answer with only one number in [[number]]. 
[[6]]
2025-09-11 00:24:49,166 - INFO - Epoch 5, Batch 50: Loss = 1.105, Acc = 76.34%
2025-09-11 00:25:06,060 - INFO - Epoch 5, Batch 100: Loss = 1.016, Acc = 77.47%
2025-09-11 00:25:22,961 - INFO - Epoch 5, Batch 150: Loss = 1.063, Acc = 77.06%
2025-09-11 00:25:40,173 - INFO - Epoch 5, Batch 200: Loss = 1.050, Acc = 77.71%
2025-09-11 00:25:57,284 - INFO - Epoch 5, Batch 250: Loss = 0.955, Acc = 78.50%
2025-09-11 00:26:14,306 - INFO - Epoch 5, Batch 300: Loss = 1.008, Acc = 78.17%
2025-09-11 00:26:31,724 - INFO - Epoch 5, Batch 350: Loss = 1.024, Acc = 76.84%
2025-09-11 00:26:48,824 - INFO - Epoch 5, Batch 400: Loss = 1.009, Acc = 78.59%
2025-09-11 00:27:05,813 - INFO - Epoch 5, Batch 450: Loss = 1.046, Acc = 77.09%
2025-09-11 00:27:22,721 - INFO - Epoch 5, Batch 500: Loss = 1.083, Acc = 76.92%
2025-09-11 00:27:39,728 - INFO - Epoch 5, Batch 550: Loss = 1.023, Acc = 77.58%
2025-09-11 00:27:57,011 - INFO - Epoch 5, Batch 600: Loss = 1.202, Acc = 74.65%
2025-09-11 00:28:14,099 - INFO - Epoch 5, Batch 650: Loss = 0.989, Acc = 78.58%
2025-09-11 00:28:31,110 - INFO - Epoch 5, Batch 700: Loss = 0.982, Acc = 77.91%
2025-09-11 00:28:47,957 - INFO - Epoch 5, Batch 750: Loss = 1.053, Acc = 76.94%
2025-09-11 00:29:05,219 - INFO - Epoch 5, Batch 800: Loss = 1.070, Acc = 76.75%
2025-09-11 00:29:22,181 - INFO - Epoch 5, Batch 850: Loss = 1.014, Acc = 77.83%
2025-09-11 00:29:39,556 - INFO - Epoch 5, Batch 900: Loss = 0.988, Acc = 78.66%
2025-09-11 00:29:56,902 - INFO - Epoch 5, Batch 950: Loss = 1.029, Acc = 77.52%
2025-09-11 00:30:14,184 - INFO - Epoch 5, Batch 1000: Loss = 1.104, Acc = 76.36%
2025-09-11 00:30:31,573 - INFO - Epoch 5, Batch 1050: Loss = 0.990, Acc = 77.84%
2025-09-11 00:30:48,814 - INFO - Epoch 5, Batch 1100: Loss = 1.016, Acc = 78.16%
2025-09-11 00:31:06,367 - INFO - Epoch 5, Batch 1150: Loss = 1.048, Acc = 77.13%
2025-09-11 00:31:23,667 - INFO - Epoch 5, Batch 1200: Loss = 1.059, Acc = 77.08%
2025-09-11 00:31:40,933 - INFO - Epoch 5, Batch 1250: Loss = 1.000, Acc = 78.04%
2025-09-11 00:31:58,253 - INFO - Epoch 5, Batch 1300: Loss = 1.041, Acc = 77.27%
2025-09-11 00:32:15,574 - INFO - Epoch 5, Batch 1350: Loss = 1.043, Acc = 77.34%
2025-09-11 00:32:15,678 - INFO - Epoch 5 completed.
2025-09-11 00:33:12,197 - INFO - Validation QA Accuracy: 51.67%
2025-09-11 00:34:57,801 - INFO - TEST BALANCED QA Accuracy: 55.38%
2025-09-11 00:34:58,513 - INFO - 
Training Sample:
The following are multiple choice questions. Analyze question and answer with only one number in [[number]] format.
Question: What is the value of the expression 28 x 42?
Options:
0. 816
1. 1,186
2. 420
3. 1,166
4. 1,276
5. 1,176
6. 1,266
7. 1,106
8. 1,286
9. 1,196
Please analyze and provide the answer with only one number in [[number]]. 
[[5]]
2025-09-11 00:35:15,531 - INFO - Epoch 6, Batch 50: Loss = 0.975, Acc = 78.73%
2025-09-11 00:35:32,937 - INFO - Epoch 6, Batch 100: Loss = 1.000, Acc = 78.41%
2025-09-11 00:35:50,122 - INFO - Epoch 6, Batch 150: Loss = 1.004, Acc = 78.00%
2025-09-11 00:36:07,374 - INFO - Epoch 6, Batch 200: Loss = 1.040, Acc = 77.97%
2025-09-11 00:36:24,568 - INFO - Epoch 6, Batch 250: Loss = 1.018, Acc = 77.46%
2025-09-11 00:36:41,747 - INFO - Epoch 6, Batch 300: Loss = 1.004, Acc = 77.63%
2025-09-11 00:36:58,712 - INFO - Epoch 6, Batch 350: Loss = 1.021, Acc = 77.76%
2025-09-11 00:37:15,942 - INFO - Epoch 6, Batch 400: Loss = 1.015, Acc = 77.43%
2025-09-11 00:37:32,874 - INFO - Epoch 6, Batch 450: Loss = 1.037, Acc = 77.42%
2025-09-11 00:37:50,161 - INFO - Epoch 6, Batch 500: Loss = 1.036, Acc = 77.20%
2025-09-11 00:38:07,790 - INFO - Epoch 6, Batch 550: Loss = 0.997, Acc = 78.01%
2025-09-11 00:38:25,031 - INFO - Epoch 6, Batch 600: Loss = 1.054, Acc = 77.42%
2025-09-11 00:38:41,937 - INFO - Epoch 6, Batch 650: Loss = 1.000, Acc = 78.46%
2025-09-11 00:38:58,722 - INFO - Epoch 6, Batch 700: Loss = 1.016, Acc = 78.15%
2025-09-11 00:39:15,924 - INFO - Epoch 6, Batch 750: Loss = 0.971, Acc = 78.66%
2025-09-11 00:39:32,919 - INFO - Epoch 6, Batch 800: Loss = 1.025, Acc = 77.46%
2025-09-11 00:39:49,906 - INFO - Epoch 6, Batch 850: Loss = 1.053, Acc = 77.34%
2025-09-11 00:40:06,797 - INFO - Epoch 6, Batch 900: Loss = 1.000, Acc = 78.31%
2025-09-11 00:40:23,913 - INFO - Epoch 6, Batch 950: Loss = 1.005, Acc = 77.94%
2025-09-11 00:40:41,338 - INFO - Epoch 6, Batch 1000: Loss = 1.022, Acc = 77.70%
2025-09-11 00:40:58,737 - INFO - Epoch 6, Batch 1050: Loss = 1.028, Acc = 77.54%
2025-09-11 00:41:15,400 - INFO - Epoch 6, Batch 1100: Loss = 0.987, Acc = 78.60%
2025-09-11 00:41:32,604 - INFO - Epoch 6, Batch 1150: Loss = 1.038, Acc = 77.54%
2025-09-11 00:41:49,621 - INFO - Epoch 6, Batch 1200: Loss = 1.008, Acc = 77.86%
2025-09-11 00:42:06,689 - INFO - Epoch 6, Batch 1250: Loss = 1.062, Acc = 77.27%
2025-09-11 00:42:23,820 - INFO - Epoch 6, Batch 1300: Loss = 1.023, Acc = 77.38%
2025-09-11 00:42:41,148 - INFO - Epoch 6, Batch 1350: Loss = 0.984, Acc = 78.48%
2025-09-11 00:42:41,258 - INFO - Epoch 6 completed.
2025-09-11 00:43:38,004 - INFO - Validation QA Accuracy: 54.67%
2025-09-11 00:45:23,598 - INFO - TEST BALANCED QA Accuracy: 56.09%
2025-09-11 00:45:24,745 - INFO - 
Training Sample:
The following are multiple choice questions. Analyze question and answer with only one number in [[number]] format.
Question: What is the value of the expression 28 x 42?
Options:
0. 816
1. 1,186
2. 420
3. 1,166
4. 1,276
5. 1,176
6. 1,266
7. 1,106
8. 1,286
9. 1,196
Please analyze and provide the answer with only one number in [[number]]. 
[[5]]
2025-09-11 00:45:42,026 - INFO - Epoch 7, Batch 50: Loss = 0.956, Acc = 78.83%
2025-09-11 00:45:59,325 - INFO - Epoch 7, Batch 100: Loss = 0.941, Acc = 79.88%
2025-09-11 00:46:16,533 - INFO - Epoch 7, Batch 150: Loss = 1.087, Acc = 76.63%
2025-09-11 00:46:33,482 - INFO - Epoch 7, Batch 200: Loss = 0.907, Acc = 80.07%
2025-09-11 00:46:50,564 - INFO - Epoch 7, Batch 250: Loss = 0.990, Acc = 77.97%
2025-09-11 00:47:07,350 - INFO - Epoch 7, Batch 300: Loss = 0.997, Acc = 78.42%
2025-09-11 00:47:24,364 - INFO - Epoch 7, Batch 350: Loss = 0.983, Acc = 78.48%
2025-09-11 00:47:41,519 - INFO - Epoch 7, Batch 400: Loss = 1.086, Acc = 76.83%
2025-09-11 00:47:58,503 - INFO - Epoch 7, Batch 450: Loss = 0.908, Acc = 79.53%
2025-09-11 00:48:15,424 - INFO - Epoch 7, Batch 500: Loss = 1.005, Acc = 78.36%
2025-09-11 00:48:32,509 - INFO - Epoch 7, Batch 550: Loss = 1.013, Acc = 78.02%
2025-09-11 00:48:49,957 - INFO - Epoch 7, Batch 600: Loss = 0.999, Acc = 78.45%
2025-09-11 00:49:07,175 - INFO - Epoch 7, Batch 650: Loss = 1.028, Acc = 77.78%
2025-09-11 00:49:24,506 - INFO - Epoch 7, Batch 700: Loss = 1.038, Acc = 77.47%
2025-09-11 00:49:41,744 - INFO - Epoch 7, Batch 750: Loss = 1.045, Acc = 76.92%
2025-09-11 00:49:58,984 - INFO - Epoch 7, Batch 800: Loss = 1.022, Acc = 77.85%
2025-09-11 00:50:16,051 - INFO - Epoch 7, Batch 850: Loss = 0.988, Acc = 78.41%
2025-09-11 00:50:33,019 - INFO - Epoch 7, Batch 900: Loss = 0.983, Acc = 78.05%
2025-09-11 00:50:50,221 - INFO - Epoch 7, Batch 950: Loss = 0.973, Acc = 78.92%
2025-09-11 00:51:07,553 - INFO - Epoch 7, Batch 1000: Loss = 0.979, Acc = 78.52%
2025-09-11 00:51:24,372 - INFO - Epoch 7, Batch 1050: Loss = 0.883, Acc = 80.57%
2025-09-11 00:51:41,604 - INFO - Epoch 7, Batch 1100: Loss = 0.980, Acc = 78.65%
2025-09-11 00:51:58,432 - INFO - Epoch 7, Batch 1150: Loss = 0.948, Acc = 79.37%
2025-09-11 00:52:16,012 - INFO - Epoch 7, Batch 1200: Loss = 1.085, Acc = 76.40%
2025-09-11 00:52:33,366 - INFO - Epoch 7, Batch 1250: Loss = 0.988, Acc = 78.38%
2025-09-11 00:52:50,427 - INFO - Epoch 7, Batch 1300: Loss = 0.952, Acc = 79.20%
2025-09-11 00:53:07,500 - INFO - Epoch 7, Batch 1350: Loss = 1.005, Acc = 77.59%
2025-09-11 00:53:07,614 - INFO - Epoch 7 completed.
2025-09-11 00:54:04,306 - INFO - Validation QA Accuracy: 57.00%
2025-09-11 00:55:49,891 - INFO - TEST BALANCED QA Accuracy: 55.20%
2025-09-11 00:55:50,953 - INFO - 
Training Sample:
The following are multiple choice questions. Analyze question and answer with only one number in [[number]] format.
Question: Mike sold an automobile that cost him $12,640 for $11,628.80. What percent is the selling price of the cost?
Options:
0. 89%
1. 92%
2. 95%
3. 96%
4. 94%
5. 88%
6. 87%
7. 85%
8. 90%
9. 93%
Please analyze and provide the answer with only one number in [[number]]. 
[[1]]
2025-09-11 00:56:07,951 - INFO - Epoch 8, Batch 50: Loss = 0.983, Acc = 78.58%
2025-09-11 00:56:25,161 - INFO - Epoch 8, Batch 100: Loss = 1.012, Acc = 78.00%
2025-09-11 00:56:42,176 - INFO - Epoch 8, Batch 150: Loss = 0.982, Acc = 78.26%
2025-09-11 00:56:59,255 - INFO - Epoch 8, Batch 200: Loss = 0.954, Acc = 79.39%
2025-09-11 00:57:16,434 - INFO - Epoch 8, Batch 250: Loss = 1.027, Acc = 77.91%
2025-09-11 00:57:33,557 - INFO - Epoch 8, Batch 300: Loss = 0.963, Acc = 79.46%
2025-09-11 00:57:50,875 - INFO - Epoch 8, Batch 350: Loss = 0.936, Acc = 79.38%
2025-09-11 00:58:08,258 - INFO - Epoch 8, Batch 400: Loss = 0.996, Acc = 77.84%
2025-09-11 00:58:25,597 - INFO - Epoch 8, Batch 450: Loss = 1.045, Acc = 77.57%
2025-09-11 00:58:42,581 - INFO - Epoch 8, Batch 500: Loss = 1.019, Acc = 77.72%
2025-09-11 00:58:59,551 - INFO - Epoch 8, Batch 550: Loss = 0.920, Acc = 79.51%
2025-09-11 00:59:16,735 - INFO - Epoch 8, Batch 600: Loss = 1.003, Acc = 77.81%
2025-09-11 00:59:33,952 - INFO - Epoch 8, Batch 650: Loss = 0.899, Acc = 80.29%
2025-09-11 00:59:50,946 - INFO - Epoch 8, Batch 700: Loss = 0.916, Acc = 79.55%
2025-09-11 01:00:07,935 - INFO - Epoch 8, Batch 750: Loss = 1.001, Acc = 78.05%
2025-09-11 01:00:25,013 - INFO - Epoch 8, Batch 800: Loss = 0.914, Acc = 79.07%
2025-09-11 01:00:42,288 - INFO - Epoch 8, Batch 850: Loss = 1.032, Acc = 77.76%
2025-09-11 01:00:59,400 - INFO - Epoch 8, Batch 900: Loss = 0.968, Acc = 78.89%
2025-09-11 01:01:16,334 - INFO - Epoch 8, Batch 950: Loss = 0.921, Acc = 79.45%
2025-09-11 01:01:33,462 - INFO - Epoch 8, Batch 1000: Loss = 1.011, Acc = 78.20%
2025-09-11 01:01:50,715 - INFO - Epoch 8, Batch 1050: Loss = 0.975, Acc = 78.46%
2025-09-11 01:02:08,230 - INFO - Epoch 8, Batch 1100: Loss = 0.936, Acc = 79.38%
2025-09-11 01:02:25,390 - INFO - Epoch 8, Batch 1150: Loss = 1.024, Acc = 77.75%
2025-09-11 01:02:42,720 - INFO - Epoch 8, Batch 1200: Loss = 0.922, Acc = 79.32%
2025-09-11 01:02:59,752 - INFO - Epoch 8, Batch 1250: Loss = 0.962, Acc = 78.77%
2025-09-11 01:03:16,633 - INFO - Epoch 8, Batch 1300: Loss = 0.963, Acc = 78.91%
2025-09-11 01:03:33,600 - INFO - Epoch 8, Batch 1350: Loss = 0.985, Acc = 78.00%
2025-09-11 01:03:33,712 - INFO - Epoch 8 completed.
2025-09-11 01:04:30,742 - INFO - Validation QA Accuracy: 54.00%
2025-09-11 01:06:16,606 - INFO - TEST BALANCED QA Accuracy: 56.45%
2025-09-11 01:06:17,101 - INFO - 
Training Sample:
The following are multiple choice questions. Analyze question and answer with only one number in [[number]] format.
Question: How are whales adapted for their life in cold waters?
Options:
0. They produce heat through rapid movement and have a layer of reflective scales
1. They utilize a bio-antifreeze in their blood to prevent ice crystal formation
2. They have fins for swimming and excrete a special anti-freezing substance
3. They have gills and a streamlined body
4. They have a temperature regulating system and a tremendous amount of subcutaneous fat serving an insulating function.
5. They have specialized lungs that warm incoming cold water
6. They migrate to warmer waters during colder seasons to maintain body temperature
7. They have fur and hibernate in winter
Please analyze and provide the answer with only one number in [[number]]. 
[[4]]
2025-09-11 01:06:34,399 - INFO - Epoch 9, Batch 50: Loss = 0.966, Acc = 78.91%
2025-09-11 01:06:51,266 - INFO - Epoch 9, Batch 100: Loss = 0.954, Acc = 79.17%
2025-09-11 01:07:07,811 - INFO - Epoch 9, Batch 150: Loss = 0.966, Acc = 78.56%
2025-09-11 01:07:24,433 - INFO - Epoch 9, Batch 200: Loss = 0.941, Acc = 78.85%
2025-09-11 01:07:40,910 - INFO - Epoch 9, Batch 250: Loss = 0.888, Acc = 80.39%
2025-09-11 01:07:57,683 - INFO - Epoch 9, Batch 300: Loss = 0.959, Acc = 78.86%
2025-09-11 01:08:14,351 - INFO - Epoch 9, Batch 350: Loss = 0.903, Acc = 80.20%
2025-09-11 01:08:31,175 - INFO - Epoch 9, Batch 400: Loss = 0.985, Acc = 78.52%
2025-09-11 01:08:47,937 - INFO - Epoch 9, Batch 450: Loss = 0.881, Acc = 80.37%
2025-09-11 01:09:04,576 - INFO - Epoch 9, Batch 500: Loss = 1.009, Acc = 78.07%
2025-09-11 01:09:21,134 - INFO - Epoch 9, Batch 550: Loss = 0.993, Acc = 78.13%
2025-09-11 01:09:37,671 - INFO - Epoch 9, Batch 600: Loss = 0.978, Acc = 78.24%
2025-09-11 01:09:54,457 - INFO - Epoch 9, Batch 650: Loss = 0.940, Acc = 79.26%
2025-09-11 01:10:11,257 - INFO - Epoch 9, Batch 700: Loss = 0.975, Acc = 79.01%
2025-09-11 01:10:28,208 - INFO - Epoch 9, Batch 750: Loss = 0.961, Acc = 78.93%
2025-09-11 01:10:44,764 - INFO - Epoch 9, Batch 800: Loss = 0.971, Acc = 79.41%
2025-09-11 01:11:01,605 - INFO - Epoch 9, Batch 850: Loss = 0.926, Acc = 79.41%
2025-09-11 01:11:18,515 - INFO - Epoch 9, Batch 900: Loss = 0.888, Acc = 80.17%
2025-09-11 01:11:35,629 - INFO - Epoch 9, Batch 950: Loss = 0.962, Acc = 78.62%
2025-09-11 01:11:52,819 - INFO - Epoch 9, Batch 1000: Loss = 1.010, Acc = 77.42%
2025-09-11 01:12:09,400 - INFO - Epoch 9, Batch 1050: Loss = 0.962, Acc = 78.78%
2025-09-11 01:12:26,142 - INFO - Epoch 9, Batch 1100: Loss = 0.918, Acc = 79.85%
2025-09-11 01:12:42,920 - INFO - Epoch 9, Batch 1150: Loss = 0.918, Acc = 79.90%
2025-09-11 01:12:59,594 - INFO - Epoch 9, Batch 1200: Loss = 0.938, Acc = 79.49%
2025-09-11 01:13:16,587 - INFO - Epoch 9, Batch 1250: Loss = 1.010, Acc = 78.04%
2025-09-11 01:13:33,633 - INFO - Epoch 9, Batch 1300: Loss = 0.941, Acc = 79.27%
2025-09-11 01:13:50,147 - INFO - Epoch 9, Batch 1350: Loss = 0.928, Acc = 79.31%
2025-09-11 01:13:50,267 - INFO - Epoch 9 completed.
2025-09-11 01:14:47,115 - INFO - Validation QA Accuracy: 55.67%
2025-09-11 01:16:33,231 - INFO - TEST BALANCED QA Accuracy: 55.56%
2025-09-11 01:16:33,809 - INFO - 
Training Sample:
The following are multiple choice questions. Analyze question and answer with only one number in [[number]] format.
Question: Satellites in circular Earth orbit maintain a constant speed because gravitational force on them is
Options:
0. changing with the altitude of the satellite
1. without a component of force along their circular path
2. practically zero
3. appreciably weaker than at Earth’s surface
4. equal to the centrifugal force acting on them
5. stronger than at Earth's surface
6. dependent on the speed of the satellite
7. always directed towards the center of the Earth
8. zero
9. dependent on the mass of the satellite
Please analyze and provide the answer with only one number in [[number]]. 
[[1]]
2025-09-11 01:16:50,237 - INFO - Epoch 10, Batch 50: Loss = 0.892, Acc = 80.47%
2025-09-11 01:17:06,866 - INFO - Epoch 10, Batch 100: Loss = 0.948, Acc = 78.67%
2025-09-11 01:17:24,081 - INFO - Epoch 10, Batch 150: Loss = 0.977, Acc = 78.76%
2025-09-11 01:17:41,199 - INFO - Epoch 10, Batch 200: Loss = 0.966, Acc = 78.79%
2025-09-11 01:17:57,830 - INFO - Epoch 10, Batch 250: Loss = 0.931, Acc = 79.89%
2025-09-11 01:18:14,162 - INFO - Epoch 10, Batch 300: Loss = 1.009, Acc = 78.27%
2025-09-11 01:18:30,557 - INFO - Epoch 10, Batch 350: Loss = 0.926, Acc = 79.65%
2025-09-11 01:18:47,510 - INFO - Epoch 10, Batch 400: Loss = 0.921, Acc = 79.25%
2025-09-11 01:19:04,613 - INFO - Epoch 10, Batch 450: Loss = 0.935, Acc = 79.30%
2025-09-11 01:19:21,722 - INFO - Epoch 10, Batch 500: Loss = 0.915, Acc = 79.55%
2025-09-11 01:19:38,667 - INFO - Epoch 10, Batch 550: Loss = 0.947, Acc = 79.14%
2025-09-11 01:19:56,073 - INFO - Epoch 10, Batch 600: Loss = 0.974, Acc = 78.49%
2025-09-11 01:20:13,122 - INFO - Epoch 10, Batch 650: Loss = 0.913, Acc = 79.83%
2025-09-11 01:20:30,125 - INFO - Epoch 10, Batch 700: Loss = 0.901, Acc = 79.55%
2025-09-11 01:20:46,892 - INFO - Epoch 10, Batch 750: Loss = 0.943, Acc = 79.13%
2025-09-11 01:21:03,934 - INFO - Epoch 10, Batch 800: Loss = 0.953, Acc = 78.85%
2025-09-11 01:21:20,886 - INFO - Epoch 10, Batch 850: Loss = 0.911, Acc = 80.08%
2025-09-11 01:21:37,640 - INFO - Epoch 10, Batch 900: Loss = 0.913, Acc = 79.96%
2025-09-11 01:21:54,318 - INFO - Epoch 10, Batch 950: Loss = 0.925, Acc = 79.31%
2025-09-11 01:22:11,427 - INFO - Epoch 10, Batch 1000: Loss = 1.018, Acc = 77.70%
2025-09-11 01:22:28,199 - INFO - Epoch 10, Batch 1050: Loss = 0.939, Acc = 79.11%
2025-09-11 01:22:45,054 - INFO - Epoch 10, Batch 1100: Loss = 0.952, Acc = 79.22%
2025-09-11 01:23:01,694 - INFO - Epoch 10, Batch 1150: Loss = 0.935, Acc = 79.94%
2025-09-11 01:23:18,569 - INFO - Epoch 10, Batch 1200: Loss = 0.914, Acc = 79.71%
2025-09-11 01:23:35,043 - INFO - Epoch 10, Batch 1250: Loss = 0.897, Acc = 80.14%
2025-09-11 01:23:51,679 - INFO - Epoch 10, Batch 1300: Loss = 0.858, Acc = 81.01%
2025-09-11 01:24:08,242 - INFO - Epoch 10, Batch 1350: Loss = 0.882, Acc = 80.02%
2025-09-11 01:24:08,352 - INFO - Epoch 10 completed.
2025-09-11 01:25:05,435 - INFO - Validation QA Accuracy: 57.67%
2025-09-11 01:26:51,238 - INFO - TEST BALANCED QA Accuracy: 55.02%
2025-09-11 01:26:51,689 - INFO - 
Training Sample:
The following are multiple choice questions. Analyze question and answer with only one number in [[number]] format.
Question: Mutations that cause achondroplasia exert an effect which can be classified as:
Options:
0. recessive negative.
1. haplosufficiency.
2. neutral mutation.
3. loss-of-function.
4. recessive positive.
5. gain-of-function.
6. dominant negative.
7. gain-of-regulation.
8. haploinsufficiency.
Please analyze and provide the answer with only one number in [[number]]. 
[[5]]
2025-09-11 01:27:08,515 - INFO - Epoch 11, Batch 50: Loss = 0.919, Acc = 79.66%
2025-09-11 01:27:25,107 - INFO - Epoch 11, Batch 100: Loss = 0.859, Acc = 80.62%
2025-09-11 01:27:41,754 - INFO - Epoch 11, Batch 150: Loss = 0.947, Acc = 78.93%
2025-09-11 01:27:58,409 - INFO - Epoch 11, Batch 200: Loss = 0.939, Acc = 79.52%
2025-09-11 01:28:15,124 - INFO - Epoch 11, Batch 250: Loss = 1.005, Acc = 77.93%
2025-09-11 01:28:31,941 - INFO - Epoch 11, Batch 300: Loss = 0.841, Acc = 81.49%
2025-09-11 01:28:49,014 - INFO - Epoch 11, Batch 350: Loss = 0.959, Acc = 78.63%
2025-09-11 01:29:06,023 - INFO - Epoch 11, Batch 400: Loss = 0.906, Acc = 80.15%
2025-09-11 01:29:22,812 - INFO - Epoch 11, Batch 450: Loss = 0.878, Acc = 80.07%
2025-09-11 01:29:39,491 - INFO - Epoch 11, Batch 500: Loss = 0.907, Acc = 80.10%
2025-09-11 01:29:56,496 - INFO - Epoch 11, Batch 550: Loss = 0.874, Acc = 80.72%
2025-09-11 01:30:13,246 - INFO - Epoch 11, Batch 600: Loss = 0.849, Acc = 81.20%
2025-09-11 01:30:29,995 - INFO - Epoch 11, Batch 650: Loss = 0.842, Acc = 80.80%
2025-09-11 01:30:47,297 - INFO - Epoch 11, Batch 700: Loss = 0.963, Acc = 78.83%
2025-09-11 01:31:03,775 - INFO - Epoch 11, Batch 750: Loss = 0.909, Acc = 79.74%
2025-09-11 01:31:20,368 - INFO - Epoch 11, Batch 800: Loss = 0.893, Acc = 80.33%
2025-09-11 01:31:37,326 - INFO - Epoch 11, Batch 850: Loss = 0.859, Acc = 80.77%
2025-09-11 01:31:53,906 - INFO - Epoch 11, Batch 900: Loss = 0.949, Acc = 78.89%
2025-09-11 01:32:10,446 - INFO - Epoch 11, Batch 950: Loss = 0.907, Acc = 80.04%
2025-09-11 01:32:27,320 - INFO - Epoch 11, Batch 1000: Loss = 0.957, Acc = 79.11%
2025-09-11 01:32:43,873 - INFO - Epoch 11, Batch 1050: Loss = 0.859, Acc = 81.45%
2025-09-11 01:33:00,629 - INFO - Epoch 11, Batch 1100: Loss = 0.956, Acc = 78.78%
2025-09-11 01:33:17,283 - INFO - Epoch 11, Batch 1150: Loss = 0.893, Acc = 80.53%
2025-09-11 01:33:34,153 - INFO - Epoch 11, Batch 1200: Loss = 0.959, Acc = 78.88%
2025-09-11 01:33:51,156 - INFO - Epoch 11, Batch 1250: Loss = 0.857, Acc = 80.77%
2025-09-11 01:34:08,045 - INFO - Epoch 11, Batch 1300: Loss = 0.886, Acc = 80.23%
2025-09-11 01:34:24,906 - INFO - Epoch 11, Batch 1350: Loss = 0.952, Acc = 79.39%
2025-09-11 01:34:25,024 - INFO - Epoch 11 completed.
2025-09-11 01:35:21,806 - INFO - Validation QA Accuracy: 56.67%
2025-09-11 01:37:07,456 - INFO - TEST BALANCED QA Accuracy: 55.20%
2025-09-11 01:37:07,933 - INFO - 
Training Sample:
The following are multiple choice questions. Analyze question and answer with only one number in [[number]] format.
Question: Some bakers make apple pies. They have 15 boxes of apples. Each box has 18 apples. They use 7 apples for each pie. What is the total number of apple pies that the bakers can make?
Options:
0. 37
1. 43
2. 33
3. 41
4. 42
5. 38
6. 40
7. 35
8. 39
9. 36
Please analyze and provide the answer with only one number in [[number]]. 
[[5]]
2025-09-11 01:37:24,387 - INFO - Epoch 12, Batch 50: Loss = 0.851, Acc = 81.38%
2025-09-11 01:37:41,240 - INFO - Epoch 12, Batch 100: Loss = 0.921, Acc = 80.11%
2025-09-11 01:37:57,880 - INFO - Epoch 12, Batch 150: Loss = 0.847, Acc = 81.14%
2025-09-11 01:38:14,909 - INFO - Epoch 12, Batch 200: Loss = 0.854, Acc = 80.92%
2025-09-11 01:38:31,580 - INFO - Epoch 12, Batch 250: Loss = 0.853, Acc = 80.86%
2025-09-11 01:38:48,215 - INFO - Epoch 12, Batch 300: Loss = 0.938, Acc = 79.24%
2025-09-11 01:39:05,097 - INFO - Epoch 12, Batch 350: Loss = 0.903, Acc = 80.01%
2025-09-11 01:39:21,690 - INFO - Epoch 12, Batch 400: Loss = 0.828, Acc = 81.84%
2025-09-11 01:39:38,359 - INFO - Epoch 12, Batch 450: Loss = 0.903, Acc = 80.07%
2025-09-11 01:39:55,119 - INFO - Epoch 12, Batch 500: Loss = 0.806, Acc = 82.06%
2025-09-11 01:40:11,786 - INFO - Epoch 12, Batch 550: Loss = 0.891, Acc = 80.51%
2025-09-11 01:40:28,810 - INFO - Epoch 12, Batch 600: Loss = 0.876, Acc = 80.60%
2025-09-11 01:40:45,861 - INFO - Epoch 12, Batch 650: Loss = 0.879, Acc = 80.37%
2025-09-11 01:41:02,849 - INFO - Epoch 12, Batch 700: Loss = 0.963, Acc = 78.65%
2025-09-11 01:41:19,612 - INFO - Epoch 12, Batch 750: Loss = 0.902, Acc = 79.93%
2025-09-11 01:41:36,509 - INFO - Epoch 12, Batch 800: Loss = 0.898, Acc = 80.11%
2025-09-11 01:41:53,206 - INFO - Epoch 12, Batch 850: Loss = 0.918, Acc = 80.33%
2025-09-11 01:42:10,017 - INFO - Epoch 12, Batch 900: Loss = 0.902, Acc = 79.66%
2025-09-11 01:42:26,449 - INFO - Epoch 12, Batch 950: Loss = 0.836, Acc = 81.35%
2025-09-11 01:42:43,278 - INFO - Epoch 12, Batch 1000: Loss = 0.909, Acc = 79.61%
2025-09-11 01:43:00,315 - INFO - Epoch 12, Batch 1050: Loss = 1.001, Acc = 78.21%
2025-09-11 01:43:17,380 - INFO - Epoch 12, Batch 1100: Loss = 0.875, Acc = 80.45%
2025-09-11 01:43:34,193 - INFO - Epoch 12, Batch 1150: Loss = 0.842, Acc = 81.16%
2025-09-11 01:43:50,994 - INFO - Epoch 12, Batch 1200: Loss = 0.855, Acc = 81.09%
2025-09-11 01:44:07,485 - INFO - Epoch 12, Batch 1250: Loss = 0.846, Acc = 81.06%
2025-09-11 01:44:24,450 - INFO - Epoch 12, Batch 1300: Loss = 0.927, Acc = 79.48%
2025-09-11 01:44:41,333 - INFO - Epoch 12, Batch 1350: Loss = 0.949, Acc = 79.19%
2025-09-11 01:44:41,437 - INFO - Epoch 12 completed.
2025-09-11 01:45:38,376 - INFO - Validation QA Accuracy: 59.00%
2025-09-11 01:47:24,291 - INFO - TEST BALANCED QA Accuracy: 54.66%
2025-09-11 01:47:24,725 - INFO - 
Training Sample:
The following are multiple choice questions. Analyze question and answer with only one number in [[number]] format.
Question: Which of these foods is not traditionally considered kosher?
Options:
0. apples
1. lamb
2. barley
3. citrus fruits
4. beef
5. shellfish
6. chicken
7. cheese
Please analyze and provide the answer with only one number in [[number]]. 
[[5]]
2025-09-11 01:47:41,732 - INFO - Epoch 13, Batch 50: Loss = 0.836, Acc = 81.44%
2025-09-11 01:47:58,280 - INFO - Epoch 13, Batch 100: Loss = 0.794, Acc = 82.32%
2025-09-11 01:48:14,967 - INFO - Epoch 13, Batch 150: Loss = 0.819, Acc = 81.58%
2025-09-11 01:48:31,924 - INFO - Epoch 13, Batch 200: Loss = 0.913, Acc = 79.89%
2025-09-11 01:48:49,226 - INFO - Epoch 13, Batch 250: Loss = 0.921, Acc = 79.80%
2025-09-11 01:49:05,909 - INFO - Epoch 13, Batch 300: Loss = 0.861, Acc = 80.93%
2025-09-11 01:49:22,461 - INFO - Epoch 13, Batch 350: Loss = 0.855, Acc = 81.36%
2025-09-11 01:49:39,631 - INFO - Epoch 13, Batch 400: Loss = 0.804, Acc = 81.59%
2025-09-11 01:49:56,753 - INFO - Epoch 13, Batch 450: Loss = 0.837, Acc = 81.50%
2025-09-11 01:50:13,586 - INFO - Epoch 13, Batch 500: Loss = 0.915, Acc = 80.01%
2025-09-11 01:50:30,383 - INFO - Epoch 13, Batch 550: Loss = 0.837, Acc = 80.97%
2025-09-11 01:50:47,493 - INFO - Epoch 13, Batch 600: Loss = 0.861, Acc = 80.66%
2025-09-11 01:51:04,336 - INFO - Epoch 13, Batch 650: Loss = 0.884, Acc = 80.63%
2025-09-11 01:51:21,275 - INFO - Epoch 13, Batch 700: Loss = 0.947, Acc = 79.51%
2025-09-11 01:51:38,301 - INFO - Epoch 13, Batch 750: Loss = 0.845, Acc = 81.06%
2025-09-11 01:51:55,418 - INFO - Epoch 13, Batch 800: Loss = 0.817, Acc = 81.75%
2025-09-11 01:52:12,222 - INFO - Epoch 13, Batch 850: Loss = 0.834, Acc = 81.48%
2025-09-11 01:52:29,271 - INFO - Epoch 13, Batch 900: Loss = 0.892, Acc = 80.04%
2025-09-11 01:52:45,792 - INFO - Epoch 13, Batch 950: Loss = 0.793, Acc = 82.11%
2025-09-11 01:53:02,505 - INFO - Epoch 13, Batch 1000: Loss = 0.925, Acc = 79.61%
2025-09-11 01:53:19,037 - INFO - Epoch 13, Batch 1050: Loss = 0.818, Acc = 81.72%
2025-09-11 01:53:35,717 - INFO - Epoch 13, Batch 1100: Loss = 0.836, Acc = 81.44%
2025-09-11 01:53:52,195 - INFO - Epoch 13, Batch 1150: Loss = 0.916, Acc = 80.27%
2025-09-11 01:54:09,219 - INFO - Epoch 13, Batch 1200: Loss = 0.852, Acc = 81.13%
2025-09-11 01:54:25,865 - INFO - Epoch 13, Batch 1250: Loss = 0.949, Acc = 78.74%
2025-09-11 01:54:42,325 - INFO - Epoch 13, Batch 1300: Loss = 0.896, Acc = 80.31%
2025-09-11 01:54:58,973 - INFO - Epoch 13, Batch 1350: Loss = 0.900, Acc = 80.09%
2025-09-11 01:54:59,083 - INFO - Epoch 13 completed.
2025-09-11 01:55:55,989 - INFO - Validation QA Accuracy: 59.00%
2025-09-11 01:57:41,845 - INFO - TEST BALANCED QA Accuracy: 55.20%
2025-09-11 01:57:42,320 - INFO - 
Training Sample:
The following are multiple choice questions. Analyze question and answer with only one number in [[number]] format.
Question: Steven Moore purchased a new car for $3,462.20, including taxes and all other charges. He wishes to pay for it in 35 months. Find his monthly payments.
Options:
0. $100.20
1. $102.55
2. $110.35
3. $95.46
4. $98.92
5. $96.06
6. $107.49
7. $105.23
8. $89.78
9. $93.20
Please analyze and provide the answer with only one number in [[number]]. 
[[4]]
2025-09-11 01:57:59,225 - INFO - Epoch 14, Batch 50: Loss = 0.875, Acc = 80.44%
2025-09-11 01:58:15,980 - INFO - Epoch 14, Batch 100: Loss = 0.789, Acc = 82.43%
2025-09-11 01:58:32,466 - INFO - Epoch 14, Batch 150: Loss = 0.841, Acc = 81.26%
2025-09-11 01:58:49,401 - INFO - Epoch 14, Batch 200: Loss = 0.895, Acc = 80.38%
2025-09-11 01:59:06,049 - INFO - Epoch 14, Batch 250: Loss = 0.842, Acc = 81.21%
2025-09-11 01:59:22,983 - INFO - Epoch 14, Batch 300: Loss = 0.845, Acc = 80.90%
2025-09-11 01:59:39,966 - INFO - Epoch 14, Batch 350: Loss = 0.897, Acc = 79.97%
2025-09-11 01:59:56,644 - INFO - Epoch 14, Batch 400: Loss = 0.836, Acc = 81.75%
2025-09-11 02:00:13,330 - INFO - Epoch 14, Batch 450: Loss = 0.848, Acc = 81.29%
2025-09-11 02:00:29,962 - INFO - Epoch 14, Batch 500: Loss = 0.858, Acc = 80.99%
2025-09-11 02:00:46,625 - INFO - Epoch 14, Batch 550: Loss = 0.787, Acc = 82.73%
2025-09-11 02:01:03,545 - INFO - Epoch 14, Batch 600: Loss = 0.834, Acc = 81.67%
2025-09-11 02:01:20,163 - INFO - Epoch 14, Batch 650: Loss = 0.867, Acc = 81.12%
2025-09-11 02:01:36,830 - INFO - Epoch 14, Batch 700: Loss = 0.823, Acc = 81.28%
2025-09-11 02:01:53,534 - INFO - Epoch 14, Batch 750: Loss = 0.822, Acc = 81.80%
2025-09-11 02:02:09,964 - INFO - Epoch 14, Batch 800: Loss = 0.744, Acc = 83.38%
2025-09-11 02:02:26,713 - INFO - Epoch 14, Batch 850: Loss = 0.870, Acc = 81.21%
2025-09-11 02:02:43,569 - INFO - Epoch 14, Batch 900: Loss = 0.868, Acc = 80.57%
2025-09-11 02:03:00,532 - INFO - Epoch 14, Batch 950: Loss = 0.864, Acc = 80.65%
2025-09-11 02:03:17,524 - INFO - Epoch 14, Batch 1000: Loss = 0.810, Acc = 82.27%
2025-09-11 02:03:34,451 - INFO - Epoch 14, Batch 1050: Loss = 0.868, Acc = 80.99%
2025-09-11 02:03:50,974 - INFO - Epoch 14, Batch 1100: Loss = 0.822, Acc = 82.02%
2025-09-11 02:04:07,901 - INFO - Epoch 14, Batch 1150: Loss = 0.893, Acc = 80.61%
2025-09-11 02:04:24,748 - INFO - Epoch 14, Batch 1200: Loss = 0.790, Acc = 81.99%
2025-09-11 02:04:41,391 - INFO - Epoch 14, Batch 1250: Loss = 0.899, Acc = 80.38%
2025-09-11 02:04:58,138 - INFO - Epoch 14, Batch 1300: Loss = 0.836, Acc = 81.07%
2025-09-11 02:05:14,937 - INFO - Epoch 14, Batch 1350: Loss = 0.813, Acc = 81.60%
2025-09-11 02:05:15,054 - INFO - Epoch 14 completed.
2025-09-11 02:06:11,997 - INFO - Validation QA Accuracy: 58.33%
2025-09-11 02:07:57,910 - INFO - TEST BALANCED QA Accuracy: 54.48%
2025-09-11 02:07:58,453 - INFO - 
Training Sample:
The following are multiple choice questions. Analyze question and answer with only one number in [[number]] format.
Question: Explain briefly the background and applications of BASIC computer language.
Options:
0. BASIC was developed by Microsoft to enhance the Windows operating system.
1. BASIC was created by IBM as a language to program mainframe computers and has limited use today due to its complexity.
2. BASIC stands for "Business Acquisition and System Integration Code" and is used mainly in the corporate finance sector.
3. BASIC is an advanced programming language used mainly for developing complex scientific simulations and models.
4. BASIC is an acronym for "Binary Algorithmic Scientific Instruction Code" and is used primarily in data analysis.
5. BASIC was developed in the 1950s as a language for artificial intelligence research.
6. BASIC is a language developed at Dartmouth College in the 1960s to make the computer more accessible and easy to use. It is widely used in science, business, and engineering due to its simplicity and similarity to English and algebra.
7. BASIC was developed in the 1980s to simplify computer programming.
8. BASIC is a language developed in the late 1970s for the exclusive use in graphical user interface design.
9. BASIC is a language primarily used in the field of arts and literature.
Please analyze and provide the answer with only one number in [[number]]. 
[[6]]
2025-09-11 02:08:15,358 - INFO - Epoch 15, Batch 50: Loss = 0.776, Acc = 82.68%
2025-09-11 02:08:32,005 - INFO - Epoch 15, Batch 100: Loss = 0.800, Acc = 82.88%
2025-09-11 02:08:48,613 - INFO - Epoch 15, Batch 150: Loss = 0.762, Acc = 82.73%
2025-09-11 02:09:05,802 - INFO - Epoch 15, Batch 200: Loss = 0.843, Acc = 81.49%
2025-09-11 02:09:22,390 - INFO - Epoch 15, Batch 250: Loss = 0.796, Acc = 82.22%
2025-09-11 02:09:39,456 - INFO - Epoch 15, Batch 300: Loss = 0.807, Acc = 81.87%
2025-09-11 02:09:56,355 - INFO - Epoch 15, Batch 350: Loss = 0.880, Acc = 80.35%
2025-09-11 02:10:13,075 - INFO - Epoch 15, Batch 400: Loss = 0.819, Acc = 82.33%
2025-09-11 02:10:30,093 - INFO - Epoch 15, Batch 450: Loss = 0.831, Acc = 81.60%
2025-09-11 02:10:46,662 - INFO - Epoch 15, Batch 500: Loss = 0.829, Acc = 81.76%
2025-09-11 02:11:03,345 - INFO - Epoch 15, Batch 550: Loss = 0.851, Acc = 81.28%
2025-09-11 02:11:20,405 - INFO - Epoch 15, Batch 600: Loss = 0.903, Acc = 80.51%
2025-09-11 02:11:37,568 - INFO - Epoch 15, Batch 650: Loss = 0.856, Acc = 81.60%
2025-09-11 02:11:54,413 - INFO - Epoch 15, Batch 700: Loss = 0.808, Acc = 82.25%
2025-09-11 02:12:11,113 - INFO - Epoch 15, Batch 750: Loss = 0.810, Acc = 81.85%
2025-09-11 02:12:28,197 - INFO - Epoch 15, Batch 800: Loss = 0.877, Acc = 80.70%
2025-09-11 02:12:44,850 - INFO - Epoch 15, Batch 850: Loss = 0.869, Acc = 81.37%
2025-09-11 02:13:01,957 - INFO - Epoch 15, Batch 900: Loss = 0.843, Acc = 81.20%
2025-09-11 02:13:18,878 - INFO - Epoch 15, Batch 950: Loss = 0.862, Acc = 80.55%
2025-09-11 02:13:35,671 - INFO - Epoch 15, Batch 1000: Loss = 0.792, Acc = 82.39%
2025-09-11 02:13:52,642 - INFO - Epoch 15, Batch 1050: Loss = 0.783, Acc = 82.57%
2025-09-11 02:14:09,238 - INFO - Epoch 15, Batch 1100: Loss = 0.815, Acc = 81.80%
2025-09-11 02:14:25,978 - INFO - Epoch 15, Batch 1150: Loss = 0.827, Acc = 81.59%
2025-09-11 02:14:42,875 - INFO - Epoch 15, Batch 1200: Loss = 0.792, Acc = 82.52%
2025-09-11 02:14:59,271 - INFO - Epoch 15, Batch 1250: Loss = 0.819, Acc = 81.68%
2025-09-11 02:15:15,832 - INFO - Epoch 15, Batch 1300: Loss = 0.786, Acc = 82.18%
2025-09-11 02:15:32,718 - INFO - Epoch 15, Batch 1350: Loss = 0.819, Acc = 81.56%
2025-09-11 02:15:32,826 - INFO - Epoch 15 completed.
2025-09-11 02:16:29,573 - INFO - Validation QA Accuracy: 57.33%
2025-09-11 02:18:15,100 - INFO - TEST BALANCED QA Accuracy: 54.48%
2025-09-11 02:18:15,578 - INFO - 
Training Sample:
The following are multiple choice questions. Analyze question and answer with only one number in [[number]] format.
Question: Compare and contrast Incremental and One-trial theories of learning.
Options:
0. One-trial theory emphasizes the role of continuous practice over time for learning to take place
1. Incremental theory is based on the concept of sudden insight, while One-trial theory involves gradual understanding
2. Incremental Theory believes in learning all at once on a single trial
3. Incremental theory suggests that learning cannot occur with repetition and practice
4. The Incremental Theory of learning postulates that learning occurs gradually over practice trials and repetition, while the One-trial Theory, also known as the All-or-none Theory, postulates that learning occurs all at once on a single trial.
5. Both theories agree that learning cannot occur all at once and must be spread over multiple sessions
6. Both theories propose that learning is an unconscious process that does not require active engagement
7. One-trial theory suggests learning happens over time with repetition
8. One-trial theory postulates learning is incremental and requires multiple trials for mastery
9. Both theories suggest that learning occurs gradually
Please analyze and provide the answer with only one number in [[number]]. 
[[4]]
2025-09-11 02:18:32,631 - INFO - Epoch 16, Batch 50: Loss = 0.826, Acc = 81.63%
2025-09-11 02:18:49,381 - INFO - Epoch 16, Batch 100: Loss = 0.844, Acc = 81.40%
2025-09-11 02:19:06,226 - INFO - Epoch 16, Batch 150: Loss = 0.812, Acc = 81.66%
2025-09-11 02:19:22,886 - INFO - Epoch 16, Batch 200: Loss = 0.741, Acc = 84.21%
2025-09-11 02:19:39,776 - INFO - Epoch 16, Batch 250: Loss = 0.789, Acc = 82.14%
2025-09-11 02:19:56,752 - INFO - Epoch 16, Batch 300: Loss = 0.797, Acc = 82.05%
2025-09-11 02:20:13,571 - INFO - Epoch 16, Batch 350: Loss = 0.866, Acc = 81.33%
2025-09-11 02:20:30,244 - INFO - Epoch 16, Batch 400: Loss = 0.782, Acc = 83.13%
2025-09-11 02:20:46,830 - INFO - Epoch 16, Batch 450: Loss = 0.747, Acc = 83.78%
2025-09-11 02:21:03,016 - INFO - Epoch 16, Batch 500: Loss = 0.766, Acc = 83.21%
2025-09-11 02:21:19,991 - INFO - Epoch 16, Batch 550: Loss = 0.830, Acc = 81.67%
2025-09-11 02:21:36,558 - INFO - Epoch 16, Batch 600: Loss = 0.727, Acc = 83.68%
2025-09-11 02:21:53,208 - INFO - Epoch 16, Batch 650: Loss = 0.834, Acc = 81.17%
2025-09-11 02:22:10,117 - INFO - Epoch 16, Batch 700: Loss = 0.870, Acc = 80.95%
2025-09-11 02:22:26,749 - INFO - Epoch 16, Batch 750: Loss = 0.815, Acc = 82.05%
2025-09-11 02:22:43,887 - INFO - Epoch 16, Batch 800: Loss = 0.796, Acc = 82.35%
2025-09-11 02:23:00,806 - INFO - Epoch 16, Batch 850: Loss = 0.773, Acc = 82.55%
2025-09-11 02:23:17,591 - INFO - Epoch 16, Batch 900: Loss = 0.833, Acc = 81.47%
2025-09-11 02:23:34,390 - INFO - Epoch 16, Batch 950: Loss = 0.826, Acc = 81.98%
2025-09-11 02:23:51,329 - INFO - Epoch 16, Batch 1000: Loss = 0.743, Acc = 83.19%
2025-09-11 02:24:07,932 - INFO - Epoch 16, Batch 1050: Loss = 0.815, Acc = 82.15%
2025-09-11 02:24:24,379 - INFO - Epoch 16, Batch 1100: Loss = 0.779, Acc = 82.27%
2025-09-11 02:24:41,060 - INFO - Epoch 16, Batch 1150: Loss = 0.803, Acc = 82.08%
2025-09-11 02:24:58,412 - INFO - Epoch 16, Batch 1200: Loss = 0.841, Acc = 81.44%
2025-09-11 02:25:14,843 - INFO - Epoch 16, Batch 1250: Loss = 0.772, Acc = 82.59%
2025-09-11 02:25:31,808 - INFO - Epoch 16, Batch 1300: Loss = 0.828, Acc = 81.93%
2025-09-11 02:25:48,511 - INFO - Epoch 16, Batch 1350: Loss = 0.807, Acc = 82.46%
2025-09-11 02:25:48,609 - INFO - Epoch 16 completed.
2025-09-11 02:26:45,625 - INFO - Validation QA Accuracy: 59.67%
2025-09-11 02:28:31,241 - INFO - TEST BALANCED QA Accuracy: 53.94%
2025-09-11 02:28:31,689 - INFO - 
Training Sample:
The following are multiple choice questions. Analyze question and answer with only one number in [[number]] format.
Question: What were some causes of the stagflation in the early 1970' s?
Options:
0. Decrease in unemployment
1. Rapid acceleration of price level, oil price increases, perversely working tax systems, and macroeconomic policy mistakes
2. Lowering of oil prices
3. Expansion of international trade without barriers
4. Increase in the gold standard value
5. Excessive production of goods
6. Advancements in technology reducing costs
7. Stabilization of currency exchange rates
8. Economic expansion
9. Reduction in government spending
Please analyze and provide the answer with only one number in [[number]]. 
[[1]]
2025-09-11 02:28:48,667 - INFO - Epoch 17, Batch 50: Loss = 0.739, Acc = 83.97%
2025-09-11 02:29:05,589 - INFO - Epoch 17, Batch 100: Loss = 0.832, Acc = 81.95%
2025-09-11 02:29:22,422 - INFO - Epoch 17, Batch 150: Loss = 0.808, Acc = 82.02%
2025-09-11 02:29:39,075 - INFO - Epoch 17, Batch 200: Loss = 0.757, Acc = 83.35%
2025-09-11 02:29:56,057 - INFO - Epoch 17, Batch 250: Loss = 0.765, Acc = 82.31%
2025-09-11 02:30:12,459 - INFO - Epoch 17, Batch 300: Loss = 0.753, Acc = 83.45%
2025-09-11 02:30:29,161 - INFO - Epoch 17, Batch 350: Loss = 0.824, Acc = 81.44%
2025-09-11 02:30:45,945 - INFO - Epoch 17, Batch 400: Loss = 0.808, Acc = 82.71%
2025-09-11 02:31:02,492 - INFO - Epoch 17, Batch 450: Loss = 0.711, Acc = 84.20%
2025-09-11 02:31:19,095 - INFO - Epoch 17, Batch 500: Loss = 0.723, Acc = 84.08%
2025-09-11 02:31:35,892 - INFO - Epoch 17, Batch 550: Loss = 0.760, Acc = 83.00%
2025-09-11 02:31:52,188 - INFO - Epoch 17, Batch 600: Loss = 0.780, Acc = 82.96%
2025-09-11 02:32:08,957 - INFO - Epoch 17, Batch 650: Loss = 0.824, Acc = 82.54%
2025-09-11 02:32:25,974 - INFO - Epoch 17, Batch 700: Loss = 0.830, Acc = 82.25%
2025-09-11 02:32:42,981 - INFO - Epoch 17, Batch 750: Loss = 0.780, Acc = 82.85%
2025-09-11 02:32:59,803 - INFO - Epoch 17, Batch 800: Loss = 0.844, Acc = 81.26%
2025-09-11 02:33:16,671 - INFO - Epoch 17, Batch 850: Loss = 0.845, Acc = 81.52%
2025-09-11 02:33:33,316 - INFO - Epoch 17, Batch 900: Loss = 0.732, Acc = 83.46%
2025-09-11 02:33:50,165 - INFO - Epoch 17, Batch 950: Loss = 0.755, Acc = 83.19%
2025-09-11 02:34:06,998 - INFO - Epoch 17, Batch 1000: Loss = 0.729, Acc = 83.47%
2025-09-11 02:34:23,605 - INFO - Epoch 17, Batch 1050: Loss = 0.806, Acc = 82.49%
2025-09-11 02:34:40,263 - INFO - Epoch 17, Batch 1100: Loss = 0.847, Acc = 81.72%
2025-09-11 02:34:57,580 - INFO - Epoch 17, Batch 1150: Loss = 0.795, Acc = 81.95%
2025-09-11 02:35:15,073 - INFO - Epoch 17, Batch 1200: Loss = 0.793, Acc = 82.46%
2025-09-11 02:35:31,752 - INFO - Epoch 17, Batch 1250: Loss = 0.736, Acc = 83.67%
2025-09-11 02:35:48,591 - INFO - Epoch 17, Batch 1300: Loss = 0.723, Acc = 83.59%
2025-09-11 02:36:05,413 - INFO - Epoch 17, Batch 1350: Loss = 0.804, Acc = 82.24%
2025-09-11 02:36:05,530 - INFO - Epoch 17 completed.
2025-09-11 02:37:02,376 - INFO - Validation QA Accuracy: 59.67%
2025-09-11 02:38:47,863 - INFO - TEST BALANCED QA Accuracy: 53.76%
2025-09-11 02:38:48,373 - INFO - 
Training Sample:
The following are multiple choice questions. Analyze question and answer with only one number in [[number]] format.
Question: If 3 cans of pears cost $2.37 how many cans of pears can you buy for $9.48?
Options:
0. 30 cans
1. 21 cans
2. 12 cans
3. 15 cans
4. 18 cans
5. 24 cans
6. 36 cans
7. 3 cans
8. 13 cans
9. 9 cans
Please analyze and provide the answer with only one number in [[number]]. 
[[2]]
2025-09-11 02:39:05,437 - INFO - Epoch 18, Batch 50: Loss = 0.771, Acc = 82.55%
2025-09-11 02:39:22,131 - INFO - Epoch 18, Batch 100: Loss = 0.761, Acc = 83.34%
2025-09-11 02:39:38,925 - INFO - Epoch 18, Batch 150: Loss = 0.739, Acc = 83.70%
2025-09-11 02:39:55,778 - INFO - Epoch 18, Batch 200: Loss = 0.794, Acc = 82.28%
2025-09-11 02:40:12,388 - INFO - Epoch 18, Batch 250: Loss = 0.744, Acc = 83.64%
2025-09-11 02:40:29,281 - INFO - Epoch 18, Batch 300: Loss = 0.772, Acc = 83.05%
2025-09-11 02:40:46,356 - INFO - Epoch 18, Batch 350: Loss = 0.801, Acc = 82.88%
2025-09-11 02:41:03,120 - INFO - Epoch 18, Batch 400: Loss = 0.672, Acc = 85.06%
2025-09-11 02:41:20,060 - INFO - Epoch 18, Batch 450: Loss = 0.723, Acc = 83.98%
2025-09-11 02:41:36,957 - INFO - Epoch 18, Batch 500: Loss = 0.762, Acc = 83.43%
2025-09-11 02:41:54,115 - INFO - Epoch 18, Batch 550: Loss = 0.841, Acc = 81.78%
2025-09-11 02:42:10,758 - INFO - Epoch 18, Batch 600: Loss = 0.727, Acc = 84.01%
2025-09-11 02:42:27,813 - INFO - Epoch 18, Batch 650: Loss = 0.778, Acc = 83.00%
2025-09-11 02:42:44,555 - INFO - Epoch 18, Batch 700: Loss = 0.767, Acc = 83.08%
2025-09-11 02:43:01,504 - INFO - Epoch 18, Batch 750: Loss = 0.854, Acc = 81.00%
2025-09-11 02:43:17,850 - INFO - Epoch 18, Batch 800: Loss = 0.770, Acc = 83.47%
2025-09-11 02:43:34,404 - INFO - Epoch 18, Batch 850: Loss = 0.744, Acc = 83.68%
2025-09-11 02:43:51,182 - INFO - Epoch 18, Batch 900: Loss = 0.719, Acc = 84.07%
2025-09-11 02:44:07,811 - INFO - Epoch 18, Batch 950: Loss = 0.769, Acc = 83.12%
2025-09-11 02:44:24,472 - INFO - Epoch 18, Batch 1000: Loss = 0.704, Acc = 84.48%
2025-09-11 02:44:41,398 - INFO - Epoch 18, Batch 1050: Loss = 0.760, Acc = 83.13%
2025-09-11 02:44:58,407 - INFO - Epoch 18, Batch 1100: Loss = 0.751, Acc = 83.20%
2025-09-11 02:45:14,987 - INFO - Epoch 18, Batch 1150: Loss = 0.739, Acc = 83.56%
2025-09-11 02:45:32,143 - INFO - Epoch 18, Batch 1200: Loss = 0.756, Acc = 83.34%
2025-09-11 02:45:48,693 - INFO - Epoch 18, Batch 1250: Loss = 0.746, Acc = 83.61%
2025-09-11 02:46:05,357 - INFO - Epoch 18, Batch 1300: Loss = 0.751, Acc = 83.64%
2025-09-11 02:46:22,292 - INFO - Epoch 18, Batch 1350: Loss = 0.840, Acc = 80.89%
2025-09-11 02:46:22,414 - INFO - Epoch 18 completed.
2025-09-11 02:48:30,774 - INFO - Validation QA Accuracy: 56.67%
2025-09-11 02:50:16,601 - INFO - TEST BALANCED QA Accuracy: 52.33%
2025-09-11 02:50:17,853 - INFO - 
Training Sample:
The following are multiple choice questions. Analyze question and answer with only one number in [[number]] format.
Question: A football player was the star fulllack for the local college football team. After missing two practices, the football player was dropped from the team by the head football coach. Following his dismissal, the football player met with the coach and asked if he could rejoin the team. The coach said that the football player was despised by the other players and under no circumstances could he return to the team. As the football player was leaving the coach's office, feeling very dejected, the coach then said to him, "Hope you decide to transfer, because everybody hates your guts around here. "Later that same evening, the football player wrote a suicide note in which he stated, "The coach is responsible for my despondency. If I can't play football, I don't want to live. " After swallowing a bottle of Quaalude barbiturates, the football player fell unconscious in his dormitory room. Moments later, the football player's roommate entered the room and saw his limp body on the floor. The roommate read the suicide note and then attempted to administer aid. Failing to revive him, the roommate picked up the football player and carried him to the college's first aid center. The football player received prompt medical attention and soon recovered from his drug overdose. If the football player asserts a claim against the coach based on intentional infliction of emotional distress, the football player will most likely
Options:
0. not prevail, because the coach had the right to express his opinion.
1. prevail, because the coach's remarks led directly to the football player's emotional distress and subsequent suicide attempt.
2. prevail, because the coach intended to cause him to suffer emotional distress.
3. not prevail, because the football player's drug overdose resulted from his own voluntary act.
4. prevail, because the coach's remarks constituted bullying behavior.
5. prevail, because the coach's remarks were intended to inflict emotional distress and resulted in the football player's suicide attempt.
6. not prevail, because the coach acted reasonably under the circumstances, since everyone on the team hated the football player.
7. prevail, because the coach's remark did, in fact, cause the football player to suffer emotional distress.
8. not prevail, because the coach's remarks do not meet the legal standard for intentional infliction of emotional distress.
9. not prevail, because the football player's overdose was an unforeseen consequence of the coach's remarks.
Please analyze and provide the answer with only one number in [[number]]. 
[[3]]
2025-09-11 02:50:34,678 - INFO - Epoch 19, Batch 50: Loss = 0.813, Acc = 82.50%
2025-09-11 02:50:51,369 - INFO - Epoch 19, Batch 100: Loss = 0.709, Acc = 84.13%
2025-09-11 02:51:08,206 - INFO - Epoch 19, Batch 150: Loss = 0.653, Acc = 85.62%
2025-09-11 02:51:25,011 - INFO - Epoch 19, Batch 200: Loss = 0.725, Acc = 83.84%
2025-09-11 02:51:41,614 - INFO - Epoch 19, Batch 250: Loss = 0.752, Acc = 84.15%
2025-09-11 02:51:58,393 - INFO - Epoch 19, Batch 300: Loss = 0.761, Acc = 83.42%
2025-09-11 02:52:14,872 - INFO - Epoch 19, Batch 350: Loss = 0.738, Acc = 83.78%
2025-09-11 02:52:31,621 - INFO - Epoch 19, Batch 400: Loss = 0.767, Acc = 83.24%
2025-09-11 02:52:48,320 - INFO - Epoch 19, Batch 450: Loss = 0.756, Acc = 83.18%
2025-09-11 02:53:05,037 - INFO - Epoch 19, Batch 500: Loss = 0.736, Acc = 83.75%
2025-09-11 02:53:21,498 - INFO - Epoch 19, Batch 550: Loss = 0.720, Acc = 84.45%
2025-09-11 02:53:38,820 - INFO - Epoch 19, Batch 600: Loss = 0.728, Acc = 83.83%
2025-09-11 02:53:55,221 - INFO - Epoch 19, Batch 650: Loss = 0.721, Acc = 84.29%
2025-09-11 02:54:12,059 - INFO - Epoch 19, Batch 700: Loss = 0.754, Acc = 83.28%
2025-09-11 02:54:28,807 - INFO - Epoch 19, Batch 750: Loss = 0.789, Acc = 82.83%
2025-09-11 02:54:45,506 - INFO - Epoch 19, Batch 800: Loss = 0.735, Acc = 83.25%
2025-09-11 02:55:02,038 - INFO - Epoch 19, Batch 850: Loss = 0.724, Acc = 83.99%
2025-09-11 02:55:18,837 - INFO - Epoch 19, Batch 900: Loss = 0.775, Acc = 83.12%
2025-09-11 02:55:35,442 - INFO - Epoch 19, Batch 950: Loss = 0.693, Acc = 85.28%
2025-09-11 02:55:52,210 - INFO - Epoch 19, Batch 1000: Loss = 0.808, Acc = 82.07%
2025-09-11 02:56:08,934 - INFO - Epoch 19, Batch 1050: Loss = 0.724, Acc = 84.28%
2025-09-11 02:56:25,300 - INFO - Epoch 19, Batch 1100: Loss = 0.719, Acc = 84.08%
2025-09-11 02:56:42,201 - INFO - Epoch 19, Batch 1150: Loss = 0.753, Acc = 83.07%
2025-09-11 02:56:59,295 - INFO - Epoch 19, Batch 1200: Loss = 0.815, Acc = 81.68%
2025-09-11 02:57:16,351 - INFO - Epoch 19, Batch 1250: Loss = 0.699, Acc = 84.25%
2025-09-11 02:57:33,036 - INFO - Epoch 19, Batch 1300: Loss = 0.755, Acc = 82.94%
2025-09-11 02:57:50,034 - INFO - Epoch 19, Batch 1350: Loss = 0.734, Acc = 83.68%
2025-09-11 02:57:50,144 - INFO - Epoch 19 completed.
2025-09-11 03:00:13,891 - INFO - Validation QA Accuracy: 58.00%
2025-09-11 03:01:59,798 - INFO - TEST BALANCED QA Accuracy: 52.33%
2025-09-11 03:02:00,933 - INFO - 
Training Sample:
The following are multiple choice questions. Analyze question and answer with only one number in [[number]] format.
Question: Explain what is meant by the anxiety theory ofneureosis.
Options:
0. Neurotic symptoms are a result of childhood trauma.
1. Neurotic symptoms are the body's natural response to changes in the weather.
2. Neurotic symptoms are caused by physical illness.
3. Neurotic symptoms are solely a result of genetic predisposition.
4. Neurotic symptoms are caused by a lack of education and awareness about mental health.
5. Neurotic symptoms are a result of inner unresolved anxiety which stirs up conflict within the individual.
6. Neurotic symptoms arise from the consumption of certain food additives.
7. Neurotic symptoms are a result of external stressors.
8. Neurotic symptoms are a direct consequence of technological advancements and their impact on daily life.
9. Neurotic symptoms are a manifestation of collective societal pressures.
Please analyze and provide the answer with only one number in [[number]]. 
[[5]]
2025-09-11 03:02:18,105 - INFO - Epoch 20, Batch 50: Loss = 0.751, Acc = 83.27%
2025-09-11 03:02:34,677 - INFO - Epoch 20, Batch 100: Loss = 0.715, Acc = 84.26%
2025-09-11 03:02:51,665 - INFO - Epoch 20, Batch 150: Loss = 0.744, Acc = 83.68%
2025-09-11 03:03:08,332 - INFO - Epoch 20, Batch 200: Loss = 0.772, Acc = 83.29%
2025-09-11 03:03:24,872 - INFO - Epoch 20, Batch 250: Loss = 0.686, Acc = 84.94%
2025-09-11 03:03:41,369 - INFO - Epoch 20, Batch 300: Loss = 0.657, Acc = 85.48%
2025-09-11 03:03:58,123 - INFO - Epoch 20, Batch 350: Loss = 0.757, Acc = 83.18%
2025-09-11 03:04:15,098 - INFO - Epoch 20, Batch 400: Loss = 0.818, Acc = 81.94%
2025-09-11 03:04:31,497 - INFO - Epoch 20, Batch 450: Loss = 0.651, Acc = 85.74%
2025-09-11 03:04:48,196 - INFO - Epoch 20, Batch 500: Loss = 0.717, Acc = 84.39%
2025-09-11 03:05:04,785 - INFO - Epoch 20, Batch 550: Loss = 0.656, Acc = 85.57%
2025-09-11 03:05:21,367 - INFO - Epoch 20, Batch 600: Loss = 0.693, Acc = 84.81%
2025-09-11 03:05:38,335 - INFO - Epoch 20, Batch 650: Loss = 0.743, Acc = 83.55%
2025-09-11 03:05:55,045 - INFO - Epoch 20, Batch 700: Loss = 0.707, Acc = 84.23%
2025-09-11 03:06:11,589 - INFO - Epoch 20, Batch 750: Loss = 0.750, Acc = 83.95%
2025-09-11 03:06:28,614 - INFO - Epoch 20, Batch 800: Loss = 0.736, Acc = 83.68%
2025-09-11 03:06:45,348 - INFO - Epoch 20, Batch 850: Loss = 0.697, Acc = 85.02%
2025-09-11 03:07:02,014 - INFO - Epoch 20, Batch 900: Loss = 0.775, Acc = 82.83%
2025-09-11 03:07:18,896 - INFO - Epoch 20, Batch 950: Loss = 0.724, Acc = 84.10%
2025-09-11 03:07:35,575 - INFO - Epoch 20, Batch 1000: Loss = 0.695, Acc = 85.04%
2025-09-11 03:07:52,390 - INFO - Epoch 20, Batch 1050: Loss = 0.709, Acc = 84.11%
2025-09-11 03:08:08,699 - INFO - Epoch 20, Batch 1100: Loss = 0.627, Acc = 86.01%
2025-09-11 03:08:25,595 - INFO - Epoch 20, Batch 1150: Loss = 0.792, Acc = 82.27%
2025-09-11 03:08:42,371 - INFO - Epoch 20, Batch 1200: Loss = 0.717, Acc = 84.19%
2025-09-11 03:08:59,131 - INFO - Epoch 20, Batch 1250: Loss = 0.749, Acc = 83.66%
2025-09-11 03:09:16,154 - INFO - Epoch 20, Batch 1300: Loss = 0.723, Acc = 84.04%
2025-09-11 03:09:33,498 - INFO - Epoch 20, Batch 1350: Loss = 0.735, Acc = 83.92%
2025-09-11 03:09:33,615 - INFO - Epoch 20 completed.
2025-09-11 03:10:40,651 - INFO - Validation QA Accuracy: 57.67%
2025-09-11 03:12:26,316 - INFO - TEST BALANCED QA Accuracy: 51.08%
