2025-09-18 09:57:55,859 - INFO - Using device: cuda
2025-09-18 09:57:55,860 - INFO - Loading model microsoft/Phi-4-mini-instruct...
2025-09-18 09:58:04,047 - INFO - Model loaded from_pretrained
2025-09-18 09:58:04,817 - INFO - Tokenizer loaded
2025-09-18 09:58:04,818 - INFO - Loading dataset: /src/complexity-aware-fine-tuning/src/experiments/pipeline/full_distill/../../../../data/data_splits/entropy_fallback/phi/train_df_combined.tsv
2025-09-18 09:58:05,011 - INFO - Skipped 0 rows when preparing train_df_combined.tsv
2025-09-18 09:58:05,012 - INFO - Loading dataset: /src/complexity-aware-fine-tuning/src/experiments/pipeline/full_distill/../../../../data/data_splits/entropy_fallback/phi/valid_df_combined.tsv
2025-09-18 09:58:05,035 - INFO - Skipped 0 rows when preparing valid_df_combined.tsv
2025-09-18 09:58:05,036 - INFO - Loading dataset: /src/complexity-aware-fine-tuning/src/experiments/pipeline/full_distill/../../../../data/data_splits/entropy_fallback/phi/test_balanced_combined_entr.tsv
2025-09-18 09:58:05,077 - INFO - Skipped 0 rows when preparing test_balanced_combined_entr.tsv
2025-09-18 09:58:12,708 - INFO - 
Training Sample:
The following are multiple choice questions. Explain your thinking step-by-step. At the end, write the correct answer number using [[number]] format.
Question: The correction for attenuation formula is used to measure the impact of increasing:
Options:
1. the number of test takers on the test’s validity.
2. the number of test takers on the test’s reliability.
3. the test's difficulty on its validity.
4. a test’s validity on its difficulty.
5. a test’s reliability on its difficulty.
6. a test’s validity on its reliability.
7. the test's difficulty on its reliability.
8. the number of test items on the test’s validity.
9. a test’s reliability on its validity.
10. the number of test items on the test’s reliability.
Please analyze step by step and provide the answer.
11. the test's difficulty on its difficulty.
12. the number of test items on the test’s difficulty.
13. the number of test takers on the test’s difficulty.

To answer this question, let's break it down systematically:

1. **Understand "correction for attenuation":** This is a statistical formula used to estimate the correlation between two variables if they were measured without error (i.e., if their reliability were perfect). It adjusts observed correlations upward to account for measurement error due to imperfect reliability.

2. **Key relationship in the formula:** The correction for attenuation highlights the relationship between a test's reliability and its validity. Specifically, it shows how the validity of a test (how well it measures what it's supposed to measure) is limited by its reliability (consistency of the measurement).

3. **Eliminate irrelevant options:**
   - Options mentioning "number of test takers" (1, 2, 13) are unrelated to the formula's purpose.
   - Options mentioning "test's difficulty" (3, 7, 11) are not directly related to the correction for attenuation.
   - Options about "number of test items" (8, 10, 12) are about test construction, not the formula's focus on reliability and validity.
   - Option 4 (validity on difficulty) and Option 5 (reliability on difficulty) are irrelevant to the formula.

4. **Core idea:** The correction for attenuation shows how increasing a test's reliability can improve its validity (but not vice versa). Thus, it measures the impact of reliability on validity.

5. **Correct option:** Option 9 ("a test’s reliability on its validity") accurately reflects this relationship.

Therefore, the correct answer is [[9]].
2025-09-18 09:59:25,862 - INFO - Epoch 1, Batch 50: Loss = 1.099, Acc = 74.70%
2025-09-18 10:00:24,470 - INFO - Epoch 1, Batch 100: Loss = 0.877, Acc = 78.03%
2025-09-18 10:01:24,407 - INFO - Epoch 1, Batch 150: Loss = 0.787, Acc = 79.64%
2025-09-18 10:02:24,157 - INFO - Epoch 1, Batch 200: Loss = 0.823, Acc = 79.16%
2025-09-18 10:03:22,492 - INFO - Epoch 1, Batch 250: Loss = 0.806, Acc = 79.59%
2025-09-18 10:04:21,128 - INFO - Epoch 1, Batch 300: Loss = 0.780, Acc = 80.27%
2025-09-18 10:05:21,128 - INFO - Epoch 1, Batch 350: Loss = 0.812, Acc = 79.40%
2025-09-18 10:06:20,894 - INFO - Epoch 1, Batch 400: Loss = 0.837, Acc = 78.86%
2025-09-18 10:07:20,437 - INFO - Epoch 1, Batch 450: Loss = 0.832, Acc = 78.96%
2025-09-18 10:08:20,091 - INFO - Epoch 1, Batch 500: Loss = 0.807, Acc = 79.46%
2025-09-18 10:09:19,996 - INFO - Epoch 1, Batch 550: Loss = 0.814, Acc = 79.43%
2025-09-18 10:10:19,406 - INFO - Epoch 1, Batch 600: Loss = 0.792, Acc = 79.93%
2025-09-18 10:11:18,561 - INFO - Epoch 1, Batch 650: Loss = 0.778, Acc = 80.45%
2025-09-18 10:11:43,752 - INFO - Epoch 1 completed.
2025-09-18 10:11:43,931 - INFO - 
Training Sample:
The following are multiple choice questions. Explain your thinking step-by-step. At the end, write the correct answer number using [[number]] format.
Question: A state government enacted a law that prohibited the state's agencies from purchasing services or goods from and companies doing business with Cuba. The federal government at the time was implementing a thaw in relations with the Cuban government. The U.S. Congress passed a statute regarding various policies and dealings toward Cuba. A National Trade Council sued the state in federal court seeking an injunction and declaratory judgment that the state law toward Cuba was unconstitutional. 30 of the business entities that were discriminated against by the state were members of the council. Is the federal court likely to grant the declaratory judgment and declare the state law unconstitutional?
Options:
1. Yes, the state law is unconstitutional because it violates the Supremacy Clause of the Constitution.
2. Yes, the state law is unconstitutional because it illegally interfered with the foreign affairs power of the federal government.
3. Yes, the state law is unconstitutional because it denies equal protection to citizens of other states.
4. No, the state law is constitutional because it aligns with the federal government's previous policy on Cuba.
5. No, the state law is constitutional as it is within the state's power to regulate commerce within its borders.
6. Yes, the state law is unconstitutional because it interferes with the President's exclusive power to recognize foreign governments.
7. No, a state has the sovereign right to pass its own laws concerning its policies toward foreign countries.
8. No, the state law is constitutional because it does not interfere with any federally protected rights.
9. Yes, the state law is unconstitutional because it constitutes a form of economic discrimination.
10. No, the state law was consistent with the federal law and with federal policy on Cuba.
Please analyze step by step and provide the answer.
To determine the correct answer, let's analyze the question step-by-step:

### Key Facts:
1. **State Law**: The state prohibited its agencies from purchasing goods or services from companies doing business with Cuba.
2. **Federal Policy**: The federal government was thawing relations with Cuba, and Congress passed a statute regarding policies toward Cuba.
3. **Legal Challenge**: The National Trade Council (with 30 affected members) sued, arguing the state law was unconstitutional.

### Constitutional Issues:
The main issue is whether the state law interferes with federal authority, particularly in foreign affairs and the Supremacy Clause.

1. **Foreign Affairs Power**: The federal government has exclusive authority over foreign affairs, including relations with foreign nations like Cuba. State laws that interfere with this power are unconstitutional. This principle was established in cases like *Crosby v. National Foreign Trade Council* (2000), where a similar Massachusetts law was struck down for conflicting with federal foreign policy.

2. **Supremacy Clause**: If the state law conflicts with federal law or undermines federal policy, it is preempted under the Supremacy Clause (Article VI, Clause 2 of the Constitution).

3. **Commerce Clause**: While states have some power to regulate commerce within their borders, they cannot enact laws that interfere with foreign commerce or federal foreign policy.

### Analysis of Options:
- **Option 1**: Correct. The state law violates the Supremacy Clause because it conflicts with federal policy on Cuba.
- **Option 2**: Correct. The state law interferes with the federal government's exclusive foreign affairs power.
- **Option 3**: Incorrect. The issue is not equal protection but federal preemption and foreign affairs.
- **Option 4**: Incorrect. The state law does not align with the federal government's current policy (a "thaw" in relations).
- **Option 5**: Incorrect. The state cannot regulate commerce in a way that conflicts with federal foreign policy.
- **Option 6**: Part
2025-09-18 10:12:43,702 - INFO - Epoch 2, Batch 50: Loss = 0.804, Acc = 79.81%
2025-09-18 10:13:43,262 - INFO - Epoch 2, Batch 100: Loss = 0.820, Acc = 79.49%
2025-09-18 10:14:42,368 - INFO - Epoch 2, Batch 150: Loss = 0.753, Acc = 80.94%
2025-09-18 10:15:41,825 - INFO - Epoch 2, Batch 200: Loss = 0.815, Acc = 79.56%
2025-09-18 10:16:41,207 - INFO - Epoch 2, Batch 250: Loss = 0.783, Acc = 80.39%
2025-09-18 10:17:41,490 - INFO - Epoch 2, Batch 300: Loss = 0.788, Acc = 80.04%
2025-09-18 10:18:41,133 - INFO - Epoch 2, Batch 350: Loss = 0.784, Acc = 80.23%
2025-09-18 10:19:41,889 - INFO - Epoch 2, Batch 400: Loss = 0.828, Acc = 79.32%
2025-09-18 10:20:41,582 - INFO - Epoch 2, Batch 450: Loss = 0.830, Acc = 79.43%
2025-09-18 10:21:41,244 - INFO - Epoch 2, Batch 500: Loss = 0.780, Acc = 80.36%
2025-09-18 10:22:40,368 - INFO - Epoch 2, Batch 550: Loss = 0.808, Acc = 80.04%
2025-09-18 10:23:40,370 - INFO - Epoch 2, Batch 600: Loss = 0.809, Acc = 79.94%
2025-09-18 10:24:39,958 - INFO - Epoch 2, Batch 650: Loss = 0.794, Acc = 79.85%
2025-09-18 10:25:05,180 - INFO - Epoch 2 completed.
2025-09-18 10:25:05,464 - INFO - 
Training Sample:
The following are multiple choice questions. Explain your thinking step-by-step. At the end, write the correct answer number using [[number]] format.
Question: lf a person with O type blood marries a person with AB type bloodwhat will be the expected results in the progeny?
Options:
1. All AB type
2. (1/3)A type, (1/3)B type, (1/3)O type
3. (1/2)AaA type, (1/2)A^BaB type
4. (1/2)AAA type, (1/2)BBB type
5. (1/2)O type, (1/2)B type
6. (3/4)AB type, (1/4)A type
7. All O type
8. (1/4)A type, (1/4)B type, (1/2)AB type
9. (1/2)AaB type, (1/2)BaA type
10. All A type
Please analyze step by step and provide the answer.
To solve this genetics problem, we need to understand the inheritance of ABO blood types. Here’s the step-by-step reasoning:

1. **Blood Type Genotypes**:
   - Type O blood is homozygous recessive: **ii**.
   - Type AB blood is heterozygous with both A and B alleles: **IAIB**.

2. **Parental Cross**:
   - Parent 1 (O type): ii
   - Parent 2 (AB type): IAIB

3. **Possible Gametes**:
   - Parent 1 (ii) can only pass on **i**.
   - Parent 2 (IAIB) can pass on **IA** or **IB** with equal probability (50% each).

4. **Punnett Square**:
   The possible combinations of the gametes are:
   ```
   Parent 1 (ii) | i
   -------------------
   Parent 2 (IAIB) | IA (A) or IB (B)
   ```
   - If Parent 2 passes **IA**, the child will be **IAi**, which is **Type A**.
   - If Parent 2 passes **IB**, the child will be **IBi**, which is **Type B**.

5. **Progeny Probabilities**:
   - There is a 50% chance for the child to be Type A (IAi) and a 50% chance to be Type B (IBi).
   - Type O (ii) or Type AB (IAIB) is not possible in this cross because:
     - The AB parent cannot pass on **i** (they only have IA and IB).
     - The O parent cannot contribute IA or IB to form an AB child.

6. **Evaluating the Options**:
   - The correct result is **(1/2) Type A** and **(1/2) Type B**.
   - Among the options:
     - Option 3 states **(1/2)A type, (1/2)B type**, which matches our conclusion.
     - The other options are incorrect because they include impossible combinations (e.g., AB, O) or incorrect ratios.

**Final Answer**: [[3]]
2025-09-18 10:26:04,557 - INFO - Epoch 3, Batch 50: Loss = 0.818, Acc = 79.69%
2025-09-18 10:27:03,711 - INFO - Epoch 3, Batch 100: Loss = 0.799, Acc = 80.00%
2025-09-18 10:28:03,751 - INFO - Epoch 3, Batch 150: Loss = 0.803, Acc = 80.10%
2025-09-18 10:29:03,121 - INFO - Epoch 3, Batch 200: Loss = 0.800, Acc = 80.26%
2025-09-18 10:30:02,382 - INFO - Epoch 3, Batch 250: Loss = 0.823, Acc = 79.66%
2025-09-18 10:31:03,173 - INFO - Epoch 3, Batch 300: Loss = 0.806, Acc = 79.77%
2025-09-18 10:32:06,126 - INFO - Epoch 3, Batch 350: Loss = 0.827, Acc = 79.77%
2025-09-18 10:33:09,511 - INFO - Epoch 3, Batch 400: Loss = 0.814, Acc = 79.80%
2025-09-18 10:34:12,496 - INFO - Epoch 3, Batch 450: Loss = 0.786, Acc = 80.62%
2025-09-18 10:35:16,622 - INFO - Epoch 3, Batch 500: Loss = 0.806, Acc = 80.08%
2025-09-18 10:36:20,490 - INFO - Epoch 3, Batch 550: Loss = 0.786, Acc = 80.60%
2025-09-18 10:37:23,350 - INFO - Epoch 3, Batch 600: Loss = 0.807, Acc = 80.13%
2025-09-18 10:38:26,230 - INFO - Epoch 3, Batch 650: Loss = 0.777, Acc = 80.74%
2025-09-18 10:38:52,308 - INFO - Epoch 3 completed.
2025-09-18 10:38:52,793 - INFO - 
Training Sample:
The following are multiple choice questions. Explain your thinking step-by-step. At the end, write the correct answer number using [[number]] format.
Question: At the National Air Races in Reno, Nevada, the planes fly a course around a series of pylons. In a turn around a pylon, the maximum centripetal acceleration that the pilot can withstand is about 6g. For a plane traveling at 150 m/s, what is the turning radius for an acceleration of 6g?
Options:
1. 1.5 × 10^2 m
2. 4.2 × 10^2 m
3. 6.8 × 10^2 m
4. 3.83 × 10^2 m
5. 2.5 × 10^2 m
6. 4.5 × 10^2 m
7. 5.0 × 10^2 m
8. 7.5 × 10^2 m
9. 2.0 × 10^2 m
10. 3.0 × 10^2 m
Please analyze step by step and provide the answer.
To solve this problem, let's break it down step by step:

### Step 1: Understand the given information
- **Centripetal acceleration (a_c)**: The question states the maximum centripetal acceleration the pilot can withstand is \(6g\).  
  - Since \(g = 9.8 \, \text{m/s}^2\), \(a_c = 6 \times 9.8 = 58.8 \, \text{m/s}^2\).

- **Velocity (v)**: The plane's speed is given as \(150 \, \text{m/s}\).

### Step 2: Recall the formula for centripetal acceleration
The centripetal acceleration is related to the velocity \(v\) and the radius \(r\) of the circular path by:
\[
a_c = \frac{v^2}{r}
\]
Our goal is to find \(r\), the turning radius.

### Step 3: Rearrange the formula to solve for \(r\)
\[
r = \frac{v^2}{a_c}
\]

### Step 4: Plug in the known values
- \(v = 150 \, \text{m/s}\)
- \(a_c = 58.8 \, \text{m/s}^2\)

\[
r = \frac{(150)^2}{58.8} = \frac{22500}{58.8}
\]

### Step 5: Perform the division
\[
r = \frac{22500}{58.8} \approx 382.65 \, \text{m}
\]

### Step 6: Match the result with the given options
The closest option to \(382.65 \, \text{m}\) is:
- Option 4: \(3.83 \times 10^2 \, \text{m} = 383 \, \text{m}\)

### Final Answer:
The turning radius is approximately \(3.83 \times 10^2 \, \text{m}\). 

[[4]]
2025-09-18 10:39:56,121 - INFO - Epoch 4, Batch 50: Loss = 0.787, Acc = 80.56%
2025-09-18 10:40:58,529 - INFO - Epoch 4, Batch 100: Loss = 0.841, Acc = 79.30%
2025-09-18 10:41:59,646 - INFO - Epoch 4, Batch 150: Loss = 0.777, Acc = 80.96%
2025-09-18 10:42:59,296 - INFO - Epoch 4, Batch 200: Loss = 0.806, Acc = 80.16%
2025-09-18 10:43:58,710 - INFO - Epoch 4, Batch 250: Loss = 0.811, Acc = 80.23%
2025-09-18 10:44:58,631 - INFO - Epoch 4, Batch 300: Loss = 0.821, Acc = 79.84%
2025-09-18 10:45:58,507 - INFO - Epoch 4, Batch 350: Loss = 0.814, Acc = 80.20%
2025-09-18 10:46:57,805 - INFO - Epoch 4, Batch 400: Loss = 0.811, Acc = 80.00%
2025-09-18 10:47:57,851 - INFO - Epoch 4, Batch 450: Loss = 0.828, Acc = 79.63%
2025-09-18 10:48:57,384 - INFO - Epoch 4, Batch 500: Loss = 0.803, Acc = 80.12%
2025-09-18 10:49:57,400 - INFO - Epoch 4, Batch 550: Loss = 0.800, Acc = 80.53%
2025-09-18 10:50:56,828 - INFO - Epoch 4, Batch 600: Loss = 0.798, Acc = 80.48%
2025-09-18 10:51:57,482 - INFO - Epoch 4, Batch 650: Loss = 0.878, Acc = 79.01%
2025-09-18 10:52:22,299 - INFO - Epoch 4 completed.
2025-09-18 10:52:22,497 - INFO - 
Training Sample:
The following are multiple choice questions. Explain your thinking step-by-step. At the end, write the correct answer number using [[number]] format.
Question: A relevant fact in a plaintiff's suit is the magnitude of an explosion at an oil refinery one evening. At trial, the plaintiff was asked on direct examination if he remembered the explosion. He replied, "I recall my son running into the home and screaming that the car windows just shattered. " The son was available to testify at trial. The defendant's attorney makes a motion to strike the plaintiff's answer. The trial judge should rule the plaintiff's testimony
Options:
1. admissible, because the son is available as a witness.
2. admissible, if the son's testimony corroborates the plaintiff's statement.
3. inadmissible, because the statement can be considered secondhand information.
4. admissible, because it gives context to the magnitude of the explosion.
5. inadmissible under the excited utterance exception, because it can be a product of reflection and deliberation.
6. admissible, because it provides relevant details about the incident.
7. admissible, whether or not the son is available as a witness.
8. inadmissible, because the plaintiff's statement is based on the son's account.
9. inadmissible as hearsay not within any recognized exception.
10. inadmissible, unless the son's account is presented as evidence.
Please analyze step by step and provide the answer.
Let’s analyze the question step-by-step to determine the correct answer:

### 1. **Identify the legal issue**:
The issue is whether the plaintiff's testimony about his son's statement ("the car windows just shattered") is admissible or whether it should be stricken as hearsay or under another rule of evidence.

### 2. **What is hearsay?**:
Hearsay is an out-of-court statement offered to prove the truth of the matter asserted (here, that the explosion was so powerful it shattered car windows). Hearsay is generally inadmissible unless an exception applies.

### 3. **Is the son's statement hearsay?**:
Yes, the plaintiff is repeating what his son said out of court to prove the magnitude of the explosion (i.e., that it shattered windows). Thus, this is hearsay.

### 4. **Does an exception apply?**:
The key exception here is the **excited utterance** exception (Federal Rule of Evidence 803(2)), which allows statements made under the stress or excitement of a startling event. Here, the son screamed the statement immediately after the explosion, which suggests it was made under the stress of the event and not as a product of reflection or deliberation. 

The argument in option 5 that it "can be a product of reflection and deliberation" is incorrect because the facts suggest the son's statement was spontaneous and contemporaneous with the startling event (the explosion).

### 5. **Other considerations**:
- The son's availability as a witness (options 1, 2, 7, 10) is irrelevant to whether the plaintiff's testimony about the son's statement is admissible as an excited utterance. The exception applies regardless of the son's availability.
- The statement is relevant (options 4, 6), but relevance alone does not overcome the hearsay bar. However, it fits under the excited utterance exception.
- Options 3 and 8 correctly identify that the plaintiff's statement is based on the son's account, but they fail to recognize the excited utterance exception.
- Option 9 incorrectly states that the statement does not fall under a recognized exception (the excited utterance exception applies here).

### 6. **Best answer**:
The plaintiff's testimony about the son's statement is admissible as an **excited utterance** under FRE 803(2). The son's statement was made under the stress of the explosion
2025-09-18 10:53:22,025 - INFO - Epoch 5, Batch 50: Loss = 0.796, Acc = 80.29%
2025-09-18 10:54:21,613 - INFO - Epoch 5, Batch 100: Loss = 0.782, Acc = 80.73%
2025-09-18 10:55:21,763 - INFO - Epoch 5, Batch 150: Loss = 0.768, Acc = 81.17%
2025-09-18 10:56:21,796 - INFO - Epoch 5, Batch 200: Loss = 0.809, Acc = 80.32%
2025-09-18 10:57:20,928 - INFO - Epoch 5, Batch 250: Loss = 0.821, Acc = 80.17%
2025-09-18 10:58:20,565 - INFO - Epoch 5, Batch 300: Loss = 0.825, Acc = 79.91%
2025-09-18 10:59:20,042 - INFO - Epoch 5, Batch 350: Loss = 0.884, Acc = 78.96%
2025-09-18 11:00:20,068 - INFO - Epoch 5, Batch 400: Loss = 0.839, Acc = 79.76%
2025-09-18 11:01:19,577 - INFO - Epoch 5, Batch 450: Loss = 0.842, Acc = 79.72%
2025-09-18 11:02:19,189 - INFO - Epoch 5, Batch 500: Loss = 0.802, Acc = 80.52%
2025-09-18 11:03:19,783 - INFO - Epoch 5, Batch 550: Loss = 0.845, Acc = 79.66%
2025-09-18 11:04:18,733 - INFO - Epoch 5, Batch 600: Loss = 0.778, Acc = 81.22%
2025-09-18 11:05:18,532 - INFO - Epoch 5, Batch 650: Loss = 0.858, Acc = 79.57%
2025-09-18 11:05:43,857 - INFO - Epoch 5 completed.
2025-09-18 21:16:33,355 - INFO - TEST BALANCED QA Accuracy: 59.86%
2025-09-18 21:16:33,787 - INFO - 
Training Sample:
The following are multiple choice questions. Explain your thinking step-by-step. At the end, write the correct answer number using [[number]] format.
Question: A mail clerk domiciled in State A slipped and fell on ice that had formed near the loading dock of the building in State B where the clerk's State B employer leased space for its headquarters. The building was owned and operated by a State C corporation. As a result of the fall, the clerk was injured and the employer's expensive computer he was carrying was badly damaged. The clerk sued the building owner for negligence in a federal district court in State B, seeking $100,000 in personal-injury damages. The employer has filed a timely motion to intervene, asserting an $80,000 negligence claim against the building owner for the damage to its computer. Is the court likely to grant the employer's motion to intervene?
Options:
1. No, because the employer cannot intervene in a personal injury case.
2. No, because the employer's claim is not directly related to the clerk's personal injury claim.
3. Yes, because the employer also has a direct negligence claim against the building owner.
4. No, because although the employer has an interest in the clerk's action, that interest is not likely to be impaired in the employer's absence.
5. No, because the employer's claim exceeds the amount the clerk is seeking in damages.
6. Yes, because the employer is an indispensable party.
7. Yes, because the employer's claim shares common questions of law and fact with the clerk's action.
8. No, because the clerk chose not to join the employer as a co-plaintiff in his action.
Please analyze step by step and provide the answer.
To determine whether the court is likely to grant the employer's motion to intervene, let's analyze the situation step-by-step using the Federal Rules of Civil Procedure (FRCP), specifically Rule 24, which governs intervention.

### Key Issues:
1. **Type of Intervention**: The employer is seeking to intervene as of right or permissively under FRCP 24(a) or (b). 
   - **Intervention as of Right (Rule 24(a))**: Requires the applicant to show (1) a timely motion, (2) an interest in the property or transaction at issue, (3) that the disposition may impair or impede their ability to protect that interest, and (4) that the existing parties may not adequately represent their interest.
   - **Permissive Intervention (Rule 24(b))**: Allows intervention when the applicant's claim or defense shares common questions of law or fact with the main action.

2. **Employer's Claim**: The employer has a negligence claim against the building owner for property damage (the computer) arising from the same incident (the clerk's slip and fall). This suggests common questions of law (negligence) and fact (the building owner's duty, breach, and causation).

3. **Relationship to Clerk's Claim**: The clerk's personal injury claim and the employer's property damage claim both stem from the same occurrence (the slip and fall). The building owner's liability for negligence is a central issue in both claims.

4. **Timeliness**: The motion is timely, as stated in the facts.

5. **Impairment of Interest**: If the employer is not allowed to intervene, it may be forced to file a separate lawsuit, risking inconsistent rulings on the building owner's negligence. This could impair the employer's ability to protect its interest.

6. **Adequacy of Representation**: The clerk's interest is in personal injury damages, while the employer's interest is in property damage. The clerk may not adequately represent the employer's distinct interest.

### Analysis of Options:
1. **No, because the employer cannot intervene in a personal injury case.**  
   - Incorrect. The nature of the clerk's
2025-09-18 21:17:33,455 - INFO - Epoch 6, Batch 50: Loss = 0.788, Acc = 80.90%
2025-09-18 21:18:33,112 - INFO - Epoch 6, Batch 100: Loss = 0.813, Acc = 80.42%
2025-09-18 21:19:33,246 - INFO - Epoch 6, Batch 150: Loss = 0.825, Acc = 80.17%
2025-09-18 21:20:33,502 - INFO - Epoch 6, Batch 200: Loss = 0.857, Acc = 79.59%
2025-09-18 21:21:33,517 - INFO - Epoch 6, Batch 250: Loss = 0.819, Acc = 80.36%
2025-09-18 21:22:32,884 - INFO - Epoch 6, Batch 300: Loss = 0.802, Acc = 80.55%
2025-09-18 21:23:32,721 - INFO - Epoch 6, Batch 350: Loss = 0.823, Acc = 80.30%
2025-09-18 21:24:32,276 - INFO - Epoch 6, Batch 400: Loss = 0.849, Acc = 79.67%
2025-09-18 21:25:32,165 - INFO - Epoch 6, Batch 450: Loss = 0.848, Acc = 79.67%
2025-09-18 21:26:31,886 - INFO - Epoch 6, Batch 500: Loss = 0.807, Acc = 80.47%
2025-09-18 21:27:31,861 - INFO - Epoch 6, Batch 550: Loss = 0.789, Acc = 81.02%
2025-09-18 21:28:31,504 - INFO - Epoch 6, Batch 600: Loss = 0.800, Acc = 80.83%
2025-09-18 21:29:32,002 - INFO - Epoch 6, Batch 650: Loss = 0.895, Acc = 78.92%
2025-09-18 21:29:57,258 - INFO - Epoch 6 completed.
2025-09-18 21:29:57,701 - INFO - 
Training Sample:
The following are multiple choice questions. Explain your thinking step-by-step. At the end, write the correct answer number using [[number]] format.
Question: What is the essential pathology of astroviruses?
Options:
1. Sequence diversity allows widespread replication
2. Causes widespread replication in the liver
3. Can cause infection of the central nervous system
4. Very restricted replication in the gut
5. Causes infection in the circulatory system
6. Can cause infection in the upper respiratory tract
7. Causes infection primarily in the urinary tract
8. Limited replication due to lack of sequence diversity
9. Can cause infection in the endocrine system
10. Can cause infection in the skeletal system
Please analyze step by step and provide the answer.
To determine the essential pathology of astroviruses, let's analyze the question step-by-step:

1. **What are astroviruses?**  
   Astroviruses are small, non-enveloped RNA viruses that primarily cause gastroenteritis (inflammation of the stomach and intestines), especially in young children, the elderly, and immunocompromised individuals.

2. **Where do astroviruses replicate?**  
   Astroviruses have a tropism for the gastrointestinal tract, specifically targeting the epithelial cells of the gut. Their replication is localized to the intestines, leading to symptoms like diarrhea, vomiting, and abdominal pain.

3. **Evaluating the options:**  
   - **Option 1 (Sequence diversity allows widespread replication):** This is not accurate because astroviruses are not known for widespread replication outside the gut, and sequence diversity doesn't define their pathology.  
   - **Option 2 (Causes widespread replication in the liver):** Incorrect. Astroviruses do not primarily infect the liver.  
   - **Option 3 (Can cause infection of the central nervous system):** Rare cases of neurotropic astroviruses have been reported, but this is not the essential or primary pathology.  
   - **Option 4 (Very restricted replication in the gut):** Correct. Astroviruses predominantly replicate in the gut, causing localized infection.  
   - **Option 5 (Causes infection in the circulatory system):** Incorrect. Astroviruses are not known to infect the circulatory system.  
   - **Option 6 (Can cause infection in the upper respiratory tract):** Incorrect. Astroviruses are not respiratory pathogens.  
   - **Option 7 (Causes infection primarily in the urinary tract):** Incorrect. They do not target the urinary tract.  
   - **Option 8 (Limited replication due to lack of sequence diversity):** Incorrect. Their restricted replication is due to tropism, not sequence diversity.  
   - **Option 9 (Can cause infection in the endocrine system):** Incorrect. No evidence supports this.  
   - **Option 10 (Can cause infection in the skeletal system):** Incorrect. They do not infect skeletal tissues.

4. **Conclusion:**  
   The essential pathology of astroviruses is their very restricted replication in the gut, causing gastroenteritis.

[[4]]
2025-09-18 21:30:57,732 - INFO - Epoch 7, Batch 50: Loss = 0.831, Acc = 80.07%
2025-09-18 21:31:57,310 - INFO - Epoch 7, Batch 100: Loss = 0.815, Acc = 80.44%
2025-09-18 21:32:57,585 - INFO - Epoch 7, Batch 150: Loss = 0.828, Acc = 80.44%
2025-09-18 21:33:58,119 - INFO - Epoch 7, Batch 200: Loss = 0.817, Acc = 80.51%
2025-09-18 21:34:57,983 - INFO - Epoch 7, Batch 250: Loss = 0.781, Acc = 81.18%
2025-09-18 21:35:58,028 - INFO - Epoch 7, Batch 300: Loss = 0.831, Acc = 80.14%
2025-09-18 21:36:58,091 - INFO - Epoch 7, Batch 350: Loss = 0.830, Acc = 80.17%
2025-09-18 21:37:58,015 - INFO - Epoch 7, Batch 400: Loss = 0.861, Acc = 79.46%
2025-09-18 21:38:58,313 - INFO - Epoch 7, Batch 450: Loss = 0.831, Acc = 80.14%
2025-09-18 21:39:57,663 - INFO - Epoch 7, Batch 500: Loss = 0.851, Acc = 79.94%
2025-09-18 21:40:58,475 - INFO - Epoch 7, Batch 550: Loss = 0.859, Acc = 79.43%
2025-09-18 21:41:58,826 - INFO - Epoch 7, Batch 600: Loss = 0.861, Acc = 79.68%
2025-09-18 21:42:58,525 - INFO - Epoch 7, Batch 650: Loss = 0.814, Acc = 80.72%
2025-09-18 21:43:23,738 - INFO - Epoch 7 completed.
2025-09-18 21:43:24,150 - INFO - 
Training Sample:
The following are multiple choice questions. Explain your thinking step-by-step. At the end, write the correct answer number using [[number]] format.
Question: A 35-year-old female develops nausea and vomiting after she underwent a cholecystectomy for protracted ileus. Her body mass index was 23 kg/m2 before surgery, and, except for the cholecystitis, she was in good health. The patient remains unable to eat 6 days after surgery. Which of the following forms of nutritional support is most appropriate for this patient?
Options:
1. oral protein-rich diet
2. feeding through a nasogastric feeding tube
3. feeding through a jejunostomy tube
4. central hyperalimentation
5. intravenous saline solution
6. peripheral hyperalimentation
7. oral carbohydrate-rich diet
8. feeding through a gastrostomy tube
9. oral fat-free modular diet
10. intravenous dextrose solution
Please analyze step by step and provide the answer.
To determine the most appropriate form of nutritional support for this patient, let's analyze the scenario step-by-step:

### Key Points:
1. **Patient's Condition**: 
   - 35-year-old female, BMI 23 kg/m² (normal), previously healthy except for cholecystitis.
   - Post-cholecystectomy with **protracted ileus** (prolonged intestinal paralysis) leading to nausea/vomiting and inability to eat for 6 days.

2. **Problem**: 
   - The patient cannot tolerate oral intake due to ileus, which means the stomach and intestines are not moving food properly. Thus, **enteral nutrition (feeding into the GI tract) is not feasible at this time** because the gut is non-functional.
   - Prolonged fasting (>5–7 days) without nutritional support can lead to **protein-calorie malnutrition**, worsening recovery.

3. **Nutritional Support Options**:
   - **Oral diets (Options 1, 7, 9)**: Not possible due to ileus and vomiting.
   - **Nasogastric or gastrostomy tube feeding (Options 2, 8)**: Contraindicated because the stomach and intestines are not functioning (ileus). Feeding into a non-functioning gut can worsen distension, vomiting, or aspiration.
   - **Jejunostomy tube feeding (Option 3)**: Even though this bypasses the stomach, ileus often involves the small bowel as well, making enteral feeding unsafe.
   - **Intravenous saline or dextrose (Options 5, 10)**: These provide hydration and some calories (dextrose), but they do not provide adequate protein, lipids, or micronutrients for prolonged support.
   - **Peripheral hyperalimentation (Option 6)**: Less ideal because it is limited in calorie and protein delivery due to osmolarity constraints (can cause phlebitis).
   - **Central hyperalimentation (Option 4)**: This is **total parenteral nutrition (TPN)**, delivered via a central vein. It provides full nutritional support (protein, lipids, glucose, electrolytes, vitamins) and is the **best choice for patients with non-functioning GI tracts** who require prolonged nutritional support.

### Why Central Hyperalimentation (TPN) is Correct:
- The patient has been unable to eat for 6 days and has ileus, making enteral feeding unsafe.
- TPN provides complete nutrition intravenously while the GI tract recovers.
- Peripheral hyperalimentation is insufficient for prolonged support, and dextrose/saline alone would lead to malnutrition.

### Why Other Options Are Incorrect:
- Enteral routes (nasogastric, gastrostomy, jejunostomy) are contraindicated in ile
2025-09-18 21:44:24,465 - INFO - Epoch 8, Batch 50: Loss = 0.857, Acc = 79.82%
2025-09-18 21:45:24,626 - INFO - Epoch 8, Batch 100: Loss = 0.830, Acc = 80.35%
2025-09-18 21:46:24,636 - INFO - Epoch 8, Batch 150: Loss = 0.812, Acc = 80.63%
2025-09-18 21:47:24,649 - INFO - Epoch 8, Batch 200: Loss = 0.812, Acc = 80.64%
2025-09-18 21:48:23,549 - INFO - Epoch 8, Batch 250: Loss = 0.841, Acc = 80.08%
2025-09-18 21:49:23,394 - INFO - Epoch 8, Batch 300: Loss = 0.826, Acc = 80.51%
2025-09-18 21:50:22,234 - INFO - Epoch 8, Batch 350: Loss = 0.832, Acc = 80.21%
2025-09-18 21:51:22,290 - INFO - Epoch 8, Batch 400: Loss = 0.825, Acc = 80.20%
2025-09-18 21:52:22,676 - INFO - Epoch 8, Batch 450: Loss = 0.883, Acc = 79.64%
2025-09-18 21:53:22,294 - INFO - Epoch 8, Batch 500: Loss = 0.834, Acc = 80.13%
2025-09-18 21:54:22,281 - INFO - Epoch 8, Batch 550: Loss = 0.818, Acc = 80.41%
2025-09-18 21:55:21,877 - INFO - Epoch 8, Batch 600: Loss = 0.820, Acc = 80.71%
2025-09-18 21:56:21,698 - INFO - Epoch 8, Batch 650: Loss = 0.837, Acc = 80.26%
2025-09-18 21:56:47,226 - INFO - Epoch 8 completed.
2025-09-18 21:56:47,622 - INFO - 
Training Sample:
The following are multiple choice questions. Explain your thinking step-by-step. At the end, write the correct answer number using [[number]] format.
Question: Which of the following muscles are derived from the first brachial arch?
Options:
1. The muscles of mastication
2. The muscles of mastication, anterior and posterior bellies of digastric and geniohyoid
3. The muscles of mastication, anterior belly of digastric and stylohyoid
4. The muscles of mastication, anterior belly of digastric and mylohyoid
5. The muscles of mastication, anterior and posterior bellies of digastric and mylohyoid
6. The muscles of mastication and mylohyoid
7. The muscles of mastication and anterior belly of digastric
8. The muscles of mastication, anterior belly of digastric, geniohyoid and mylohyoid
9. The muscles of mastication and anterior and posterior bellies of digastric
10. The muscles of mastication, anterior and posterior bellies of digastric, geniohyoid and mylohyoid
Please analyze step by step and provide the answer.
To determine which muscles are derived from the first brachial arch (mandibular arch), let's break this down step-by-step:

### **Key muscles derived from the first brachial arch:**
1. **Muscles of mastication:**  
   - Temporalis, masseter, medial pterygoid, and lateral pterygoid.  
   - Clearly derived from the first arch.

2. **Anterior belly of digastric:**  
   - Innervated by the mandibular branch of the trigeminal nerve (CN V), which is the nerve of the first arch.  
   - Derived from the first arch.

3. **Mylohyoid:**  
   - Innervated by the mylohyoid nerve, a branch of the mandibular division of the trigeminal nerve (CN V).  
   - Derived from the first arch.

4. **Tensor tympani and tensor veli palatini:**  
   - Also derived from the first arch but not listed in the options here.  

### **Muscles NOT derived from the first brachial arch:**
- **Posterior belly of digastric:**  
  - Innervated by the facial nerve (CN VII), derived from the **second brachial arch (hyoid arch)**.  
- **Stylohyoid:**  
  - Innervated by the facial nerve (CN VII), derived from the **second arch**.  
- **Geniohyoid:**  
  - Innervated by the C1 spinal nerve (not a branchial arch derivative).  

### **Reviewing the options:**
- Option 1: Only the muscles of mastication (missing anterior belly of digastric and mylohyoid).  
- Option 2: Incorrect; includes posterior belly of digastric and geniohyoid (not first arch).  
- Option 3: Incorrect; includes stylohyoid (second arch).  
- **Option 4:** Correct: muscles of mastication, anterior belly of digastric, and mylohyoid.  
- Option 5: Incorrect; includes posterior belly of digastric (second arch).  
- Option 6: Missing anterior belly of digastric.  
- Option 7: Missing mylohyoid.  
- Option 8: Incorrect; includes geniohyoid (not first arch).  
- Option 9: Incorrect; includes posterior belly of digastric (second arch).  
- Option 10: Incorrect; includes posterior belly of digastric, geniohyoid, and mylohyoid (
2025-09-18 21:57:47,529 - INFO - Epoch 9, Batch 50: Loss = 0.845, Acc = 79.84%
2025-09-18 21:58:47,358 - INFO - Epoch 9, Batch 100: Loss = 0.849, Acc = 80.17%
2025-09-18 21:59:45,958 - INFO - Epoch 9, Batch 150: Loss = 0.804, Acc = 80.85%
2025-09-18 22:00:46,619 - INFO - Epoch 9, Batch 200: Loss = 0.854, Acc = 80.16%
2025-09-18 22:01:46,072 - INFO - Epoch 9, Batch 250: Loss = 0.845, Acc = 79.85%
2025-09-18 22:02:46,078 - INFO - Epoch 9, Batch 300: Loss = 0.817, Acc = 80.64%
2025-09-18 22:03:45,328 - INFO - Epoch 9, Batch 350: Loss = 0.857, Acc = 80.23%
2025-09-18 22:04:44,830 - INFO - Epoch 9, Batch 400: Loss = 0.827, Acc = 80.25%
2025-09-18 22:05:44,649 - INFO - Epoch 9, Batch 450: Loss = 0.849, Acc = 80.00%
2025-09-18 22:06:44,941 - INFO - Epoch 9, Batch 500: Loss = 0.827, Acc = 80.42%
2025-09-18 22:07:45,225 - INFO - Epoch 9, Batch 550: Loss = 0.840, Acc = 80.36%
2025-09-18 22:08:45,390 - INFO - Epoch 9, Batch 600: Loss = 0.817, Acc = 80.81%
2025-09-18 22:09:45,364 - INFO - Epoch 9, Batch 650: Loss = 0.869, Acc = 79.90%
2025-09-18 22:10:10,802 - INFO - Epoch 9 completed.
2025-09-18 22:10:11,211 - INFO - 
Training Sample:
The following are multiple choice questions. Explain your thinking step-by-step. At the end, write the correct answer number using [[number]] format.
Question: What does PEST stand for?
Options:
1. Political, environmental, strategic, social
2. Political, economic, strategic, testing
3. Political, economic, social, testing
4. Political, environmental, social, testing
5. Political, environmental, strategic, testing
6. Political, economic, strategic, technological
7. Political, economic, social, strategic
8. Political, environmental, social, technological
9. Political, economic, social, technological
10. Political, environmental, strategic, technological
Please analyze step by step and provide the answer.
To determine the correct answer, let's break down the PEST analysis framework step-by-step:

1. **P** stands for **Political**: This refers to government policies, regulations, and political factors that can affect a business or industry.
2. **E** stands for **Economic**: This includes economic conditions, growth, inflation, interest rates, and other macroeconomic factors.
3. **S** stands for **Social**: This involves societal trends, demographics, culture, and consumer behavior.
4. **T** stands for **Technological**: This covers technological advancements, innovation, and changes in technology that impact the business environment.

Now, let's evaluate the options:
- **Option 1**: Incorrect, because "strategic" is not part of PEST, and "environmental" is typically part of PESTLE (an extended version).
- **Option 2**: Incorrect, because "strategic" and "testing" are not part of PEST.
- **Option 3**: Incorrect, because "testing" is not part of PEST.
- **Option 4**: Incorrect, because "testing" is not part of PEST.
- **Option 5**: Incorrect, because "strategic" and "testing" are not part of PEST.
- **Option 6**: Incorrect, because "strategic" is not part of PEST.
- **Option 7**: Incorrect, because "strategic" is not part of PEST.
- **Option 8**: Incorrect, because "environmental" is part of PESTLE, not PEST.
- **Option 9**: Correct, as it matches the standard PEST framework: Political, Economic, Social, Technological.
- **Option 10**: Incorrect, because "environmental" and "strategic" are not part of PEST.

The correct answer is **Option 9**.

[[9]]
2025-09-18 22:11:10,679 - INFO - Epoch 10, Batch 50: Loss = 0.819, Acc = 80.56%
2025-09-18 22:12:10,911 - INFO - Epoch 10, Batch 100: Loss = 0.807, Acc = 80.86%
2025-09-18 22:13:11,066 - INFO - Epoch 10, Batch 150: Loss = 0.871, Acc = 79.92%
2025-09-18 22:14:11,370 - INFO - Epoch 10, Batch 200: Loss = 0.831, Acc = 80.39%
2025-09-18 22:15:11,097 - INFO - Epoch 10, Batch 250: Loss = 0.863, Acc = 79.99%
2025-09-18 22:16:10,702 - INFO - Epoch 10, Batch 300: Loss = 0.827, Acc = 80.56%
2025-09-18 22:17:11,036 - INFO - Epoch 10, Batch 350: Loss = 0.808, Acc = 80.72%
2025-09-18 22:18:11,201 - INFO - Epoch 10, Batch 400: Loss = 0.854, Acc = 79.99%
2025-09-18 22:19:11,202 - INFO - Epoch 10, Batch 450: Loss = 0.838, Acc = 80.40%
2025-09-18 22:20:10,703 - INFO - Epoch 10, Batch 500: Loss = 0.836, Acc = 80.42%
2025-09-18 22:21:10,893 - INFO - Epoch 10, Batch 550: Loss = 0.829, Acc = 80.62%
2025-09-18 22:22:11,737 - INFO - Epoch 10, Batch 600: Loss = 0.860, Acc = 79.93%
2025-09-18 22:23:11,048 - INFO - Epoch 10, Batch 650: Loss = 0.852, Acc = 80.15%
2025-09-18 22:23:36,420 - INFO - Epoch 10 completed.
2025-09-19 14:00:08,198 - INFO - TEST BALANCED QA Accuracy: 62.37%
2025-09-19 14:00:08,562 - INFO - 
Training Sample:
The following are multiple choice questions. Explain your thinking step-by-step. At the end, write the correct answer number using [[number]] format.
Question: After a wife found out about her husband's infidelity, she decided to have him killed. The defendant approached a hit man to solicit his assistance in carrying out the planned murder. Although the wife believed that he was a hit man, he was, in fact, an undercover agent. The wife told the undercovr agent she would pay him $20,000 if he accepted the job and an additional $20,000 after the killing was completed. Upon hearing the wife's proposal, the undercover agent told the wife he would kill her husband. However, the undercover agent secretly intended not to go through with the plan, and he merely feigned agreement because he wished to trap the wife. The wife told the undercover agent that she would deliver the first payment the next day. However, before making the initial payment, the wife learned that the hit man was really an undercover agent. Fearful that she might be prosecuted for planning her husband's murder, the wife contacted the police and renounced her participation in the criminal endeavor. The defendant will most likely be found
Options:
1. not guilty of either solicitation or conspiracy to commit murder.
2. not guilty due to lack of intent.
3. guilty of attempted murder.
4. guilty of solicitation and conspiracy to commit murder.
5. not guilty due to renouncing her participation.
6. guilty of solicitation.
7. guilty of conspiracy to commit murder and attempted murder.
8. not guilty of conspiracy to commit murder, but guilty of solicitation.
9. guilty of attempted murder and solicitation.
10. guilty of conspiracy to commit murder.
Please analyze step by step and provide the answer.
To determine the correct answer, let's analyze the scenario step-by-step based on the legal principles of solicitation, conspiracy, and attempt, as well as the defense of renunciation.

### 1. **Solicitation**
- Solicitation occurs when a person intentionally asks, encourages, or requests another to commit a crime with the intent that the crime be committed. 
- Here, the wife asked the undercover agent (whom she believed was a hit man) to kill her husband and offered payment. This clearly meets the elements of solicitation. 
- The fact that the "hit man" was an undercover agent who never intended to commit the crime does not negate the wife's guilt for solicitation. Solicitation is complete once the request is made with the requisite intent, regardless of whether the solicited party agrees or follows through.

### 2. **Conspiracy**
- Conspiracy requires an agreement between two or more parties to commit a crime and an overt act in furtherance of the conspiracy. 
- However, a conspiracy cannot exist if the only other "party" to the agreement is an undercover agent or someone who never intended to go through with the crime. Since the undercover agent had no intent to commit the murder, there was no genuine agreement, and thus no conspiracy. 

### 3. **Attempted Murder**
- Attempt requires a substantial step toward the commission of the crime, coupled with the intent to commit the crime. 
- Here, the wife took steps (soliciting the hit man and agreeing to pay), but the crime of murder was never close to being carried out because the "hit man" was an undercover agent. The wife's actions likely do not meet the threshold for attempted murder, as the plan was impossible to complete due to the undercover agent's role.

### 4. **Renunciation**
- The wife renounced her participation by contacting the police and abandoning the plan. However, renunciation is generally a defense to inchoate crimes (like attempt or conspiracy) only if it is voluntary and complete, and it prevents the crime from occurring. 
- For solicitation, renunciation is not a defense once the solicitation has been completed (which it
2025-09-19 14:01:09,340 - INFO - Epoch 11, Batch 50: Loss = 0.887, Acc = 79.49%
2025-09-19 14:02:08,988 - INFO - Epoch 11, Batch 100: Loss = 0.855, Acc = 79.93%
2025-09-19 14:03:09,955 - INFO - Epoch 11, Batch 150: Loss = 0.863, Acc = 80.07%
2025-09-19 14:04:11,251 - INFO - Epoch 11, Batch 200: Loss = 0.836, Acc = 80.46%
2025-09-19 14:05:11,890 - INFO - Epoch 11, Batch 250: Loss = 0.819, Acc = 80.74%
2025-09-19 14:06:11,412 - INFO - Epoch 11, Batch 300: Loss = 0.813, Acc = 81.02%
2025-09-19 14:07:11,390 - INFO - Epoch 11, Batch 350: Loss = 0.856, Acc = 80.24%
2025-09-19 14:08:12,468 - INFO - Epoch 11, Batch 400: Loss = 0.803, Acc = 80.98%
2025-09-19 14:09:13,069 - INFO - Epoch 11, Batch 450: Loss = 0.844, Acc = 80.12%
2025-09-19 14:10:13,190 - INFO - Epoch 11, Batch 500: Loss = 0.856, Acc = 79.99%
2025-09-19 14:11:14,498 - INFO - Epoch 11, Batch 550: Loss = 0.856, Acc = 80.00%
2025-09-19 14:12:15,345 - INFO - Epoch 11, Batch 600: Loss = 0.847, Acc = 80.42%
2025-09-19 14:13:17,577 - INFO - Epoch 11, Batch 650: Loss = 0.777, Acc = 81.48%
2025-09-19 14:13:43,732 - INFO - Epoch 11 completed.
2025-09-19 14:13:44,072 - INFO - 
Training Sample:
The following are multiple choice questions. Explain your thinking step-by-step. At the end, write the correct answer number using [[number]] format.
Question: What happens to neurotransmitters once they have "done their job?"
Options:
1. Neurotransmitters diffuse away and are exhaled
2. Neurotransmitters are converted into cellular energy
3. Neurotransmitters replicate to enhance the initial signal
4. Neurotransmitters are destroyed
5. Neurotransmitters are released into the bloodstream
6. Neurotransmitters are used to build new synapses
7. Neurotransmitters remain active indefinitely
8. Neurotransmitters are stored in the cell nucleus for later use
9. Neurotransmitters are deactivated through re-uptake or enzyme action
10. Neurotransmitters bond permanently to the receptors
Please analyze step by step and provide the answer.
Let's analyze the question and the options step-by-step to determine what happens to neurotransmitters after they have "done their job."

### Key Concepts:
1. **Neurotransmitters** are chemical messengers that transmit signals across a synapse (the gap between neurons). 
2. After release, they bind to receptors on the post-synaptic neuron, triggering a response. 
3. For signaling to be precise and controlled, neurotransmitters must be **rapidly removed or deactivated** after their job is done. Otherwise, the signal would persist indefinitely, leading to dysfunction.

### Mechanisms of Neurotransmitter Deactivation:
- **Reuptake**: The neurotransmitter is taken back into the pre-synaptic neuron for reuse or recycling.
- **Enzymatic degradation**: Specific enzymes break down the neurotransmitter in the synaptic cleft (e.g., acetylcholinesterase breaks down acetylcholine).
- **Diffusion**: Some neurotransmitters diffuse away from the synapse, but this is not the primary or efficient method of deactivation.

### Evaluating the Options:
1. **"Neurotransmitters diffuse away and are exhaled"**: Incorrect. While some diffusion occurs, it's not the main mechanism, and they are not exhaled.
2. **"Neurotransmitters are converted into cellular energy"**: Incorrect. Neurotransmitters are not used as an energy source.
3. **"Neurotransmitters replicate to enhance the initial signal"**: Incorrect. Neurotransmitters do not replicate; their release is regulated by the neuron.
4. **"Neurotransmitters are destroyed"**: Partially correct, but incomplete. Some are broken down by enzymes, but others are recycled via reuptake.
5. **"Neurotransmitters are released into the bloodstream"**: Incorrect. Neurotransmitters act locally in synapses, not systemically.
6. **"Neurotransmitters are used to build new synapses"**: Incorrect. They are signaling molecules, not structural components.
7. **"Neurotransmitters remain active indefinitely"**: Incorrect. This would disrupt proper neural communication.
8. **"Neurotransmitters are stored in the cell nucleus for later use"**: Incorrect. They are stored in synaptic vesicles, not the nucleus.
9. **"Neurotransmitters are deactivated through re-uptake or enzyme action"**: **Correct**. This is the primary mechanism (reuptake or enzymatic breakdown).
10. **"Neurotransmitters bond permanently to the receptors"**: Incorrect. Binding is temporary; permanent bonding would prevent further signaling.

### Conclusion:
The most accurate and complete answer is **option 9**, as it covers the two main mechanisms (reuptake and enzyme action) by which neurotransmitters are deactivated after fulfilling their
2025-09-19 14:14:45,023 - INFO - Epoch 12, Batch 50: Loss = 0.828, Acc = 80.50%
2025-09-19 14:15:48,112 - INFO - Epoch 12, Batch 100: Loss = 0.804, Acc = 81.19%
2025-09-19 14:16:51,005 - INFO - Epoch 12, Batch 150: Loss = 0.817, Acc = 80.66%
2025-09-19 14:17:51,094 - INFO - Epoch 12, Batch 200: Loss = 0.854, Acc = 80.12%
2025-09-19 14:18:51,626 - INFO - Epoch 12, Batch 250: Loss = 0.829, Acc = 80.54%
2025-09-19 14:19:51,102 - INFO - Epoch 12, Batch 300: Loss = 0.841, Acc = 80.29%
2025-09-19 14:20:50,759 - INFO - Epoch 12, Batch 350: Loss = 0.814, Acc = 80.93%
2025-09-19 14:21:51,677 - INFO - Epoch 12, Batch 400: Loss = 0.861, Acc = 80.30%
2025-09-19 14:22:51,834 - INFO - Epoch 12, Batch 450: Loss = 0.879, Acc = 79.83%
2025-09-19 14:23:52,332 - INFO - Epoch 12, Batch 500: Loss = 0.812, Acc = 81.09%
2025-09-19 14:24:51,993 - INFO - Epoch 12, Batch 550: Loss = 0.876, Acc = 79.77%
2025-09-19 14:25:52,574 - INFO - Epoch 12, Batch 600: Loss = 0.827, Acc = 80.63%
2025-09-19 14:26:53,197 - INFO - Epoch 12, Batch 650: Loss = 0.885, Acc = 79.41%
2025-09-19 14:27:18,603 - INFO - Epoch 12 completed.
2025-09-19 14:27:18,954 - INFO - 
Training Sample:
The following are multiple choice questions. Explain your thinking step-by-step. At the end, write the correct answer number using [[number]] format.
Question: Who was the first American president to visit communist China?
Options:
1. Richard Nixon
2. John F. Kennedy
3. Dwight D. Eisenhower
4. Jimmy Carter
5. Lyndon B. Johnson
6. George H. W. Bush
7. Bill Clinton
8. Gerald Ford
9. Ronald Reagan
10. George W. Bush
Please analyze step by step and provide the answer.
To determine the correct answer, let's analyze the question step-by-step:

1. The question asks about the **first American president to visit communist China**. This is a significant historical event related to U.S.-China relations.

2. Communist China was established in 1949, but the U.S. did not formally recognize the People's Republic of China (PRC) until 1979. However, diplomatic efforts began earlier to normalize relations.

3. **Richard Nixon** (option 1) made a historic visit to China in **February 1972**, marking the first time a U.S. president visited the PRC. This was part of Nixon's efforts to open diplomatic relations with China during the Cold War, a key moment in foreign policy known as "ping-pong diplomacy."

4. The other options can be ruled out:
   - John F. Kennedy (option 2) and Dwight D. Eisenhower (option 3) were presidents before Nixon, and neither visited China.
   - Lyndon B. Johnson (option 5) also did not visit China.
   - Gerald Ford (option 8) and Jimmy Carter (option 4) came after Nixon; Carter normalized relations with China in 1979 but was not the first to visit.
   - Ronald Reagan (option 9), George H. W. Bush (option 6), Bill Clinton (option 7), and George W. Bush (option 10) all visited China, but long after Nixon's groundbreaking trip.

5. Thus, the correct answer is **Richard Nixon**, as he was the first U.S. president to visit communist China in 1972.

[[1]]
2025-09-19 14:28:17,527 - INFO - Epoch 13, Batch 50: Loss = 0.796, Acc = 81.32%
2025-09-19 14:29:17,645 - INFO - Epoch 13, Batch 100: Loss = 0.863, Acc = 80.05%
2025-09-19 14:30:17,823 - INFO - Epoch 13, Batch 150: Loss = 0.897, Acc = 79.52%
2025-09-19 14:31:18,325 - INFO - Epoch 13, Batch 200: Loss = 0.807, Acc = 81.02%
2025-09-19 14:32:18,404 - INFO - Epoch 13, Batch 250: Loss = 0.847, Acc = 80.55%
2025-09-19 14:33:18,450 - INFO - Epoch 13, Batch 300: Loss = 0.827, Acc = 80.79%
2025-09-19 14:34:18,227 - INFO - Epoch 13, Batch 350: Loss = 0.798, Acc = 81.16%
2025-09-19 14:35:18,880 - INFO - Epoch 13, Batch 400: Loss = 0.881, Acc = 79.84%
2025-09-19 14:36:19,253 - INFO - Epoch 13, Batch 450: Loss = 0.886, Acc = 79.64%
2025-09-19 14:37:19,394 - INFO - Epoch 13, Batch 500: Loss = 0.878, Acc = 79.63%
2025-09-19 14:38:19,410 - INFO - Epoch 13, Batch 550: Loss = 0.845, Acc = 80.45%
2025-09-19 14:39:19,595 - INFO - Epoch 13, Batch 600: Loss = 0.839, Acc = 80.45%
2025-09-19 14:40:18,742 - INFO - Epoch 13, Batch 650: Loss = 0.809, Acc = 81.13%
2025-09-19 14:40:44,007 - INFO - Epoch 13 completed.
2025-09-19 14:40:44,408 - INFO - 
Training Sample:
The following are multiple choice questions. Explain your thinking step-by-step. At the end, write the correct answer number using [[number]] format.
Question: What element is most common among the Jovian Planets?
Options:
1. Neon
2. Nitrogen
3. Helium
4. Carbon
5. Argon
6. Methane
7. Oxygen
8. Silicon
9. Hydrogen
10. Iron
Please analyze step by step and provide the answer.
To determine the most common element among the Jovian planets (Jupiter, Saturn, Uranus, and Neptune), let's analyze their composition step-by-step:

1. **Jovian Planets Overview**: The Jovian planets are gas giants or ice giants, primarily composed of gases and ices rather than solid materials like rocks or metals (which are more common in terrestrial planets).

2. **Primary Components**:
   - **Hydrogen (H₂)**: The most abundant element in the universe, and it dominates the composition of the Jovian planets. Jupiter and Saturn are primarily composed of hydrogen and helium, while Uranus and Neptune have more ices (like water, ammonia, and methane) but still contain significant amounts of hydrogen.
   - **Helium (He)**: The second most abundant element in the universe and in the Jovian planets, but it is less abundant than hydrogen.
   - Other elements like nitrogen, oxygen, carbon (in the form of methane, CH₄), and neon are present but in much smaller quantities compared to hydrogen.

3. **Comparing Options**:
   - Neon, nitrogen, carbon (methane), argon, oxygen, silicon, and iron are relatively minor constituents.
   - While helium is abundant, hydrogen is still the most dominant.

4. **Conclusion**: The most common element among the Jovian planets is **hydrogen**, as it makes up the majority of their mass and volume.

[[9]]
2025-09-19 14:41:43,918 - INFO - Epoch 14, Batch 50: Loss = 0.877, Acc = 79.95%
2025-09-19 14:42:43,491 - INFO - Epoch 14, Batch 100: Loss = 0.843, Acc = 80.22%
2025-09-19 14:43:43,097 - INFO - Epoch 14, Batch 150: Loss = 0.877, Acc = 79.89%
2025-09-19 14:44:42,538 - INFO - Epoch 14, Batch 200: Loss = 0.784, Acc = 81.74%
2025-09-19 14:45:45,077 - INFO - Epoch 14, Batch 250: Loss = 0.815, Acc = 80.84%
2025-09-19 14:46:47,278 - INFO - Epoch 14, Batch 300: Loss = 0.858, Acc = 80.26%
2025-09-19 14:47:47,435 - INFO - Epoch 14, Batch 350: Loss = 0.842, Acc = 80.35%
2025-09-19 14:48:48,977 - INFO - Epoch 14, Batch 400: Loss = 0.849, Acc = 80.55%
2025-09-19 14:49:52,130 - INFO - Epoch 14, Batch 450: Loss = 0.819, Acc = 81.01%
2025-09-19 14:50:54,285 - INFO - Epoch 14, Batch 500: Loss = 0.850, Acc = 80.42%
2025-09-19 14:51:54,797 - INFO - Epoch 14, Batch 550: Loss = 0.851, Acc = 80.31%
2025-09-19 14:52:55,099 - INFO - Epoch 14, Batch 600: Loss = 0.864, Acc = 80.00%
2025-09-19 14:53:54,292 - INFO - Epoch 14, Batch 650: Loss = 0.826, Acc = 80.54%
2025-09-19 14:54:19,921 - INFO - Epoch 14 completed.
2025-09-19 14:54:20,337 - INFO - 
Training Sample:
The following are multiple choice questions. Explain your thinking step-by-step. At the end, write the correct answer number using [[number]] format.
Question: Find the smallest positive integer that leaves a remainder of 1 when divided by 2, a remainder of 2 when divided by 3, a remainder of 3 when divided by 4, and a remainder of 4 when divided by 5.
Options:
1. 59
2. 49
3. 29
4. 89
5. 39
6. 99
7. 69
8. 119
9. 79
10. 109
Please analyze step by step and provide the answer.
Alright, let's tackle this problem step by step. We're looking for the smallest positive integer that satisfies a series of remainder conditions when divided by different numbers. Here's what we know:

We need a number \( N \) such that:
1. \( N \equiv 1 \mod 2 \) (leaves a remainder of 1 when divided by 2)
2. \( N \equiv 2 \mod 3 \) (leaves a remainder of 2 when divided by 3)
3. \( N \equiv 3 \mod 4 \) (leaves a remainder of 3 when divided by 4)
4. \( N \equiv 4 \mod 5 \) (leaves a remainder of 4 when divided by 5)

### Observing the Patterns

First, let's look at the congruences one by one and see if we can find a pattern or a relationship between them.

1. \( N \equiv 1 \mod 2 \): This means \( N \) is odd because it's 1 more than a multiple of 2.
2. \( N \equiv 2 \mod 3 \): \( N \) is 2 more than a multiple of 3.
3. \( N \equiv 3 \mod 4 \): \( N \) is 3 more than a multiple of 4.
4. \( N \equiv 4 \mod 5 \): \( N \) is 4 more than a multiple of 5.

Looking at these, I notice that in each case, the remainder is exactly one less than the divisor:
- For divisor 2, remainder is 1 (which is 2 - 1)
- For divisor 3, remainder is 2 (which is 3 - 1)
- For divisor 4, remainder is 3 (which is 4 - 1)
- For divisor 5, remainder is 4 (which is 5 - 1)

This suggests that \( N + 1 \) is divisible by each of these numbers (2, 3, 4, 5). 

### Finding \( N + 1 \)

If \( N + 1 \) is divisible by 2, 3, 4, and 5, then \( N + 1 \) is a common multiple of these numbers. To find the smallest such \( N \), we need the least common multiple (LCM) of 2, 3, 4, and 5.

Calculating the LCM:
- Prime factors:
  - 2: 2
  - 3: 3
  - 4: \( 2^2 \)
  - 5: 5
- LCM is the highest power of each prime: \( 2^2 \times 3 \times 5 = 4 \times 3 \times 5 = 60 \)

So, \( N + 1 = 60 \), which means \( N = 60 - 1 = 59 \).

### Verifying the Solution

Let's
2025-09-19 14:55:19,496 - INFO - Epoch 15, Batch 50: Loss = 0.821, Acc = 80.86%
2025-09-19 14:56:19,655 - INFO - Epoch 15, Batch 100: Loss = 0.840, Acc = 80.54%
2025-09-19 14:57:19,955 - INFO - Epoch 15, Batch 150: Loss = 0.853, Acc = 80.44%
2025-09-19 14:58:20,180 - INFO - Epoch 15, Batch 200: Loss = 0.883, Acc = 79.63%
2025-09-19 14:59:20,846 - INFO - Epoch 15, Batch 250: Loss = 0.875, Acc = 79.80%
2025-09-19 15:00:21,274 - INFO - Epoch 15, Batch 300: Loss = 0.808, Acc = 81.09%
2025-09-19 15:01:23,074 - INFO - Epoch 15, Batch 350: Loss = 0.822, Acc = 80.87%
2025-09-19 15:02:24,280 - INFO - Epoch 15, Batch 400: Loss = 0.846, Acc = 80.47%
2025-09-19 15:03:24,711 - INFO - Epoch 15, Batch 450: Loss = 0.848, Acc = 80.61%
2025-09-19 15:04:24,251 - INFO - Epoch 15, Batch 500: Loss = 0.892, Acc = 79.61%
2025-09-19 15:05:25,945 - INFO - Epoch 15, Batch 550: Loss = 0.849, Acc = 80.67%
2025-09-19 15:06:27,928 - INFO - Epoch 15, Batch 600: Loss = 0.843, Acc = 80.55%
2025-09-19 15:07:27,322 - INFO - Epoch 15, Batch 650: Loss = 0.848, Acc = 80.52%
2025-09-19 15:07:52,738 - INFO - Epoch 15 completed.
2025-09-20 05:49:02,340 - INFO - TEST BALANCED QA Accuracy: 61.11%
2025-09-20 05:49:02,638 - INFO - 
Training Sample:
The following are multiple choice questions. Explain your thinking step-by-step. At the end, write the correct answer number using [[number]] format.
Question: The normal respiratory rate for an adult male is:
Options:
1. 20-22 breaths per minute.
2. 24-26 breaths per minute.
3. 26-28 breaths per minute.
4. 14-16 breaths per minute.
5. 12-14 breaths per minute.
6. 10-12 breaths per minute.
7. 22-24 breaths per minute.
8. 8-10 breaths per minute.
9. 16-18 breaths per minute.
10. 18-20 breaths per minute.
Please analyze step by step and provide the answer.
To determine the correct answer, let's break this down step-by-step:

1. **Understanding the question**: The question asks for the normal respiratory rate for an adult male. Respiratory rate refers to the number of breaths a person takes per minute while at rest.

2. **Medical knowledge**: The normal respiratory rate for a healthy adult (male or female) at rest typically falls within a specific range. This is a well-established physiological parameter.

3. **Eliminating unlikely options**:
   - Options like 20-22, 24-26, 26-28, and 22-24 are too high for a normal resting respiratory rate. These ranges might be seen in cases of mild exertion or stress but are not considered normal at rest.
   - Options like 8-10 and 10-12 are too low for a normal adult. These rates might be seen in trained athletes or certain medical conditions but are not typical for the general population.
   - The most commonly accepted normal range for adults is 12-20 breaths per minute. 

4. **Narrowing down the options**:
   - Option 5 (12-14) and Option 9 (16-18) are within the normal range.
   - Option 4 (14-16) and Option 10 (18-20) are also within the normal range.
   - However, the most widely cited and precise "textbook" normal range for adults is **12-20 breaths per minute**, with the average being around 12-16.

5. **Selecting the best answer**:
   - Among the options, **Option 4 (14-16)** is the most precise and commonly referenced normal range for a healthy adult at rest. While 12-20 is the broader range, 14-16 is often cited as the ideal or average range.

Thus, the correct answer is: [[4]].
2025-09-20 05:50:02,722 - INFO - Epoch 16, Batch 50: Loss = 0.870, Acc = 79.99%
2025-09-20 05:51:02,679 - INFO - Epoch 16, Batch 100: Loss = 0.916, Acc = 79.36%
2025-09-20 05:52:03,028 - INFO - Epoch 16, Batch 150: Loss = 0.836, Acc = 80.64%
2025-09-20 05:53:03,689 - INFO - Epoch 16, Batch 200: Loss = 0.844, Acc = 80.55%
2025-09-20 05:54:02,736 - INFO - Epoch 16, Batch 250: Loss = 0.858, Acc = 80.38%
2025-09-20 05:55:02,355 - INFO - Epoch 16, Batch 300: Loss = 0.821, Acc = 80.88%
2025-09-20 05:56:01,549 - INFO - Epoch 16, Batch 350: Loss = 0.856, Acc = 80.46%
2025-09-20 05:57:17,348 - INFO - Epoch 16, Batch 400: Loss = 0.830, Acc = 80.52%
2025-09-20 05:59:02,581 - INFO - Epoch 16, Batch 450: Loss = 0.850, Acc = 80.44%
2025-09-20 06:00:02,327 - INFO - Epoch 16, Batch 500: Loss = 0.838, Acc = 80.70%
2025-09-20 06:01:01,922 - INFO - Epoch 16, Batch 550: Loss = 0.845, Acc = 80.73%
2025-09-20 06:02:01,243 - INFO - Epoch 16, Batch 600: Loss = 0.848, Acc = 80.52%
2025-09-20 06:03:01,101 - INFO - Epoch 16, Batch 650: Loss = 0.831, Acc = 80.70%
2025-09-20 06:03:26,253 - INFO - Epoch 16 completed.
2025-09-20 06:03:26,583 - INFO - 
Training Sample:
The following are multiple choice questions. Explain your thinking step-by-step. At the end, write the correct answer number using [[number]] format.
Question: The principal source of Earth’s internal energy is
Options:
1. solar radiation
2. electric currents
3. wind energy
4. magnetic fields
5. thermal conduction
6. gravitational pressure
7. tidal friction
8. geothermal heat
9. radioactivity
10. hydroelectric power
Please analyze step by step and provide the answer.
To determine the principal source of Earth's internal energy, let's analyze the options step-by-step:

1. **Solar radiation**: This is an external energy source that heats the Earth's surface but does not contribute significantly to the internal energy of the Earth.  
2. **Electric currents**: These are not a primary source of Earth's internal energy.  
3. **Wind energy**: This is a surface phenomenon driven by solar radiation and does not affect the Earth's interior.  
4. **Magnetic fields**: These are a result of Earth's geodynamo (driven by internal processes) but not a source of energy.  
5. **Thermal conduction**: This is a method of heat transfer, not a source of energy.  
6. **Gravitational pressure**: This contributes to heating (e.g., during Earth's formation and core differentiation), but it is not the primary ongoing source.  
7. **Tidal friction**: This generates some heat due to gravitational interactions with the Moon and Sun, but it is minor compared to other sources.  
8. **Geothermal heat**: This is the heat from Earth's interior, but it is a manifestation of the energy source, not the source itself.  
9. **Radioactivity**: The decay of radioactive isotopes (e.g., uranium, thorium, potassium) in Earth's mantle and crust is the primary ongoing source of Earth's internal heat.  
10. **Hydroelectric power**: This is a surface energy source derived from water flow and is unrelated to Earth's internal energy.  

The principal source is **radioactivity**, as it continuously generates heat through the decay of unstable isotopes. 

[[9]]
2025-09-20 06:04:26,534 - INFO - Epoch 17, Batch 50: Loss = 0.846, Acc = 80.59%
2025-09-20 06:05:26,448 - INFO - Epoch 17, Batch 100: Loss = 0.849, Acc = 80.53%
2025-09-20 06:06:25,988 - INFO - Epoch 17, Batch 150: Loss = 0.842, Acc = 80.50%
2025-09-20 06:07:25,857 - INFO - Epoch 17, Batch 200: Loss = 0.850, Acc = 80.32%
2025-09-20 06:08:24,752 - INFO - Epoch 17, Batch 250: Loss = 0.823, Acc = 80.93%
2025-09-20 06:09:24,574 - INFO - Epoch 17, Batch 300: Loss = 0.811, Acc = 81.21%
2025-09-20 06:10:24,927 - INFO - Epoch 17, Batch 350: Loss = 0.834, Acc = 80.88%
2025-09-20 06:11:25,468 - INFO - Epoch 17, Batch 400: Loss = 0.845, Acc = 80.54%
2025-09-20 06:12:25,410 - INFO - Epoch 17, Batch 450: Loss = 0.880, Acc = 80.02%
2025-09-20 06:13:24,528 - INFO - Epoch 17, Batch 500: Loss = 0.866, Acc = 80.10%
2025-09-20 06:14:24,035 - INFO - Epoch 17, Batch 550: Loss = 0.866, Acc = 80.06%
2025-09-20 06:15:23,343 - INFO - Epoch 17, Batch 600: Loss = 0.889, Acc = 79.90%
2025-09-20 06:16:22,824 - INFO - Epoch 17, Batch 650: Loss = 0.832, Acc = 80.93%
2025-09-20 06:16:48,109 - INFO - Epoch 17 completed.
2025-09-20 06:16:48,460 - INFO - 
Training Sample:
The following are multiple choice questions. Explain your thinking step-by-step. At the end, write the correct answer number using [[number]] format.
Question: How many cups of coffee were consumed in the United States in the past week (as of 2013)?
Options:
1. 9 billion cups per week
2. 3 billion cups per week
3. 10 billion cups per week
4. 2 billion cups per week
5. 6 billion cups per week
6. 300 million cups per week
7. 500 million cups per week
8. 4 billion cups per week
9. 1 billion cups per week
10. 5 billion cups per week
Please analyze step by step and provide the answer.
To answer this question, let's break it down step by step:

1. **Understand the Context**: The question asks about the number of cups of coffee consumed in the United States in a week, specifically as of 2013. This is a factual question based on statistics from that time.

2. **Eliminate Unrealistic Options**: 
   - Option 6 (300 million cups per week) and 7 (500 million cups per week) seem too low for the U.S. population of over 300 million people in 2013. Even if not everyone drank coffee, these numbers would imply extremely low per-capita consumption.
   - Option 1 (9 billion cups per week) and 3 (10 billion cups per week) seem excessively high, as they would average out to about 30 cups per person per week (over 4 cups per day), which is unrealistic for the general population.

3. **Narrow Down the Options**:
   - The U.S. population in 2013 was roughly 316 million. If we assume an average of about 1-2 cups per person per day (a reasonable estimate based on coffee consumption trends), that would translate to roughly 2.2 to 4.4 billion cups per week (316 million × 1 to 2 × 7 days).
   - This range suggests options like 2, 4, 5, 8, or 10 billion cups per week are plausible.

4. **Research-Based Insight**: According to historical data from the National Coffee Association and other sources, the U.S. consumed approximately **400 million cups of coffee per day** in 2013. Multiplying this by 7 days gives **2.8 billion cups per week**. The closest option to this figure is **3 billion cups per week (Option 2)**.

5. **Final Verification**: While 2.8 billion is slightly less than 3 billion, the other options are either too low or too high. Option 2 is the most accurate among the choices provided.

[[2]]
2025-09-20 06:17:48,061 - INFO - Epoch 18, Batch 50: Loss = 0.862, Acc = 80.30%
2025-09-20 06:18:48,154 - INFO - Epoch 18, Batch 100: Loss = 0.863, Acc = 80.23%
2025-09-20 06:19:48,417 - INFO - Epoch 18, Batch 150: Loss = 0.860, Acc = 80.29%
2025-09-20 06:20:48,827 - INFO - Epoch 18, Batch 200: Loss = 0.862, Acc = 80.34%
2025-09-20 06:21:49,089 - INFO - Epoch 18, Batch 250: Loss = 0.863, Acc = 80.26%
2025-09-20 06:22:49,135 - INFO - Epoch 18, Batch 300: Loss = 0.782, Acc = 81.92%
2025-09-20 06:23:48,961 - INFO - Epoch 18, Batch 350: Loss = 0.875, Acc = 79.94%
2025-09-20 06:24:49,507 - INFO - Epoch 18, Batch 400: Loss = 0.836, Acc = 80.67%
2025-09-20 06:25:49,673 - INFO - Epoch 18, Batch 450: Loss = 0.830, Acc = 80.49%
2025-09-20 06:26:50,112 - INFO - Epoch 18, Batch 500: Loss = 0.838, Acc = 80.80%
2025-09-20 06:27:49,279 - INFO - Epoch 18, Batch 550: Loss = 0.839, Acc = 80.55%
2025-09-20 06:28:49,516 - INFO - Epoch 18, Batch 600: Loss = 0.869, Acc = 80.13%
2025-09-20 06:29:49,434 - INFO - Epoch 18, Batch 650: Loss = 0.876, Acc = 79.89%
2025-09-20 06:30:14,593 - INFO - Epoch 18 completed.
2025-09-20 06:30:14,949 - INFO - 
Training Sample:
The following are multiple choice questions. Explain your thinking step-by-step. At the end, write the correct answer number using [[number]] format.
Question:  With this pricing approach, the pricing process begins with the customer; not the cost of the product offering:
Options:
1. Sales pricing.
2. Skimming pricing.
3. Cost-based pricing.
4. Dynamic pricing.
5. Competitive pricing.
6. Penetration pricing.
7. Premium pricing.
8. Value-based pricing.
Please analyze step by step and provide the answer.
To determine the correct answer, let's analyze each option step-by-step in relation to the question:

**Question Focus:** The pricing approach that begins with the customer, not the cost of the product offering.

1. **Sales pricing**: This is short-term pricing focused on discounts or promotions to boost sales. It doesn't necessarily start with the customer but rather with the goal of increasing volume or clearing inventory. **Not the answer.**

2. **Skimming pricing**: This involves setting high initial prices and lowering them over time, often for new products. It’s more about maximizing profits from early adopters rather than starting with the customer. **Not the answer.**

3. **Cost-based pricing**: This starts with the cost of production and adds a markup. The focus is on covering costs and ensuring profitability, not the customer. **Not the answer.**

4. **Dynamic pricing**: Prices fluctuate based on real-time demand, competition, or other market factors. While it considers demand, it doesn’t necessarily start with the customer's perceived value. **Not the answer.**

5. **Competitive pricing**: This focuses on setting prices based on competitors' prices, not the customer. **Not the answer.**

6. **Penetration pricing**: This involves setting low initial prices to enter a market and gain market share, which is more strategic than customer-focused. **Not the answer.**

7. **Premium pricing**: This sets prices higher to signal exclusivity or luxury, which is more about brand positioning than starting with the customer. **Not the answer.**

8. **Value-based pricing**: This is the correct approach. It starts with the customer's perceived value of the product or service, not the cost. Prices are set based on what customers are willing to pay, aligning with their needs, preferences, and the value they assign to the offering. **This is the answer.**

**Conclusion:** The pricing approach that begins with the customer is **Value-based pricing**.

[[8]]
2025-09-20 06:31:14,459 - INFO - Epoch 19, Batch 50: Loss = 0.878, Acc = 79.96%
2025-09-20 06:32:14,483 - INFO - Epoch 19, Batch 100: Loss = 0.858, Acc = 80.33%
2025-09-20 06:33:14,737 - INFO - Epoch 19, Batch 150: Loss = 0.857, Acc = 80.50%
2025-09-20 06:34:14,945 - INFO - Epoch 19, Batch 200: Loss = 0.864, Acc = 80.36%
2025-09-20 06:35:14,526 - INFO - Epoch 19, Batch 250: Loss = 0.844, Acc = 80.45%
2025-09-20 06:36:14,104 - INFO - Epoch 19, Batch 300: Loss = 0.880, Acc = 80.16%
2025-09-20 06:37:13,621 - INFO - Epoch 19, Batch 350: Loss = 0.828, Acc = 80.72%
2025-09-20 06:38:13,447 - INFO - Epoch 19, Batch 400: Loss = 0.864, Acc = 80.43%
2025-09-20 06:39:13,074 - INFO - Epoch 19, Batch 450: Loss = 0.854, Acc = 80.44%
2025-09-20 06:40:12,768 - INFO - Epoch 19, Batch 500: Loss = 0.886, Acc = 79.83%
2025-09-20 06:41:12,915 - INFO - Epoch 19, Batch 550: Loss = 0.819, Acc = 80.84%
2025-09-20 06:42:11,970 - INFO - Epoch 19, Batch 600: Loss = 0.802, Acc = 81.29%
2025-09-20 06:43:11,861 - INFO - Epoch 19, Batch 650: Loss = 0.823, Acc = 81.09%
2025-09-20 06:43:37,125 - INFO - Epoch 19 completed.
2025-09-20 06:43:37,475 - INFO - 
Training Sample:
The following are multiple choice questions. Explain your thinking step-by-step. At the end, write the correct answer number using [[number]] format.
Question: Which of the following item difficulty (p) levels maximizes the differentiation of examinees into high- and low-performing groups:
Options:
1. 0
2. 0.5
3. 0.8
4. 0.3
5. 1.2
6. 0.2
7. 0.9
8. 1.0
9. 0.7
10. 1.5
Please analyze step by step and provide the answer.
11. 0.6
12. 0.4

To answer this question, let's first understand what item difficulty (p) means and how it relates to differentiating examinees.

1. **Item Difficulty (p)**: This represents the proportion of examinees who answered the item correctly. A p-value of 0.5 means that 50% of the examinees answered the item correctly, while a p-value of 0.8 means 80% answered it correctly.

2. **Differentiation of Examinees**: The goal of an item in a test is to effectively discriminate between high-performing and low-performing examinees. This means that:
   - High-performing examinees are more likely to answer the item correctly.
   - Low-performing examinees are more likely to answer the item incorrectly.

3. **Optimal p-value for Differentiation**: 
   - If p is very high (e.g., 0.9 or 1.0), almost all examinees answer the item correctly, so the item doesn't differentiate well.
   - If p is very low (e.g., 0.0 or 0.2), almost no one answers the item correctly, so it also doesn't differentiate well.
   - The best differentiation occurs when p is around **0.5**, because:
     - Half the examinees answer it correctly, and half answer it incorrectly.
     - This maximizes the variability in responses, allowing the item to best distinguish between high- and low-performing examinees.

4. Why not other options?
   - p = 0 or 1: No variability (everyone fails or everyone passes).
   - p = 0.8 or 0.9: Too easy, most pass, little differentiation.
   - p = 0.2 or 0.3: Too hard, most fail, little differentiation.
   - p = 1.2 or 1.5: Invalid (p cannot exceed 1).

Thus, the correct answer is **0.5**, which corresponds to option 2.

[[2]]
2025-09-20 06:44:37,390 - INFO - Epoch 20, Batch 50: Loss = 0.838, Acc = 80.63%
2025-09-20 06:45:37,421 - INFO - Epoch 20, Batch 100: Loss = 0.871, Acc = 80.25%
2025-09-20 06:46:37,047 - INFO - Epoch 20, Batch 150: Loss = 0.810, Acc = 81.10%
2025-09-20 06:47:37,013 - INFO - Epoch 20, Batch 200: Loss = 0.886, Acc = 79.81%
2025-09-20 06:48:37,362 - INFO - Epoch 20, Batch 250: Loss = 0.844, Acc = 80.54%
2025-09-20 06:49:36,934 - INFO - Epoch 20, Batch 300: Loss = 0.884, Acc = 79.92%
2025-09-20 06:50:36,858 - INFO - Epoch 20, Batch 350: Loss = 0.853, Acc = 80.55%
2025-09-20 06:51:37,040 - INFO - Epoch 20, Batch 400: Loss = 0.805, Acc = 81.26%
2025-09-20 06:52:36,839 - INFO - Epoch 20, Batch 450: Loss = 0.895, Acc = 79.82%
2025-09-20 06:53:37,259 - INFO - Epoch 20, Batch 500: Loss = 0.858, Acc = 80.43%
2025-09-20 06:54:37,040 - INFO - Epoch 20, Batch 550: Loss = 0.821, Acc = 81.09%
2025-09-20 06:55:37,224 - INFO - Epoch 20, Batch 600: Loss = 0.831, Acc = 80.86%
2025-09-20 06:56:37,313 - INFO - Epoch 20, Batch 650: Loss = 0.877, Acc = 80.30%
2025-09-20 06:57:02,565 - INFO - Epoch 20 completed.
2025-09-20 18:41:46,801 - INFO - Validation QA Accuracy: 60.54%
2025-09-21 10:04:48,569 - INFO - TEST BALANCED QA Accuracy: 61.11%
